******************************************************************************
                  TI ARM Linker PC v18.12.2                    
******************************************************************************
>> Linked Mon Dec  9 10:57:41 2019

OUTPUT FILE NAME:   <Final Project.out>
ENTRY POINT SYMBOL: "_c_int00_noargs"  address: 000041a9


MEMORY CONFIGURATION

         name            origin    length      used     unused   attr    fill
----------------------  --------  ---------  --------  --------  ----  --------
  MAIN                  00000000   00040000  000044cc  0003bb34  R  X
  INFO                  00200000   00004000  00000000  00004000  R  X
  SRAM_CODE             01000000   00010000  00000410  0000fbf0  RW X
  SRAM_DATA             20000000   00010000  00000410  0000fbf0  RW  


SEGMENT ALLOCATION MAP

run origin  load origin   length   init length attrs members
----------  ----------- ---------- ----------- ----- -------
00000000    00000000    000044d0   000044d0    r-x
  00000000    00000000    000000e4   000000e4    r-- .intvecs
  000000e4    000000e4    00004298   00004298    r-x .text
  0000437c    0000437c    00000110   00000110    r-- .const
  00004490    00004490    00000040   00000040    r-- .cinit
20000000    20000000    00000210   00000000    rw-
  20000000    20000000    000001f8   00000000    rw- .bss
  200001f8    200001f8    00000018   00000000    rw- .data
2000fe00    2000fe00    00000200   00000000    rw-
  2000fe00    2000fe00    00000200   00000000    rw- .stack


SECTION ALLOCATION MAP

 output                                  attributes/
section   page    origin      length       input sections
--------  ----  ----------  ----------   ----------------
.intvecs   0    00000000    000000e4     
                  00000000    000000e4     startup_msp432p401r_ccs.obj (.intvecs:retain)

.text      0    000000e4    00004298     
                  000000e4    00000ddc     matrixLED.obj (.text)
                  00000ec0    00000a4e     rtsv7M4_T_le_v4SPD16_eabi.lib : _printfi.c.obj (.text:__TI_printfi)
                  0000190e    00000002                                   : _lock.c.obj (.text:_nop)
                  00001910    00000868     Snake.obj (.text)
                  00002178    00000374     UART.obj (.text)
                  000024ec    00000334     system_msp432p401r.obj (.text)
                  00002820    000002e8     main.obj (.text)
                  00002b08    00000270     rtsv7M4_T_le_v4SPD16_eabi.lib : _printfi.c.obj (.text:_pconv_a)
                  00002d78    000001d0                                   : _printfi.c.obj (.text:_pconv_g)
                  00002f48    000001b6                                   : fd_add_t2.asm.obj (.text)
                  000030fe    00000002                                   : div0.asm.obj (.text)
                  00003100    00000190     i2c.obj (.text)
                  00003290    0000013c     rtsv7M4_T_le_v4SPD16_eabi.lib : _printfi.c.obj (.text:_pconv_e)
                  000033cc    00000136                                   : fd_div_t2.asm.obj (.text)
                  00003502    00000002     --HOLE-- [fill = 0]
                  00003504    00000124                                   : _printfi.c.obj (.text:fcvt)
                  00003628    00000120     drv2605l.obj (.text)
                  00003748    00000110     rtsv7M4_T_le_v4SPD16_eabi.lib : s_scalbn.c.obj (.text:scalbn)
                  00003858    000000fc                                   : fd_mul_t2.asm.obj (.text)
                  00003954    000000b1                                   : _printfi.c.obj (.text:_ltostr)
                  00003a05    00000003     --HOLE-- [fill = 0]
                  00003a08    000000a4     pwm.obj (.text)
                  00003aac    0000009c     rtsv7M4_T_le_v4SPD16_eabi.lib : memcpy_t2.asm.obj (.text)
                  00003b48    00000096                                   : ull_div_t2.asm.obj (.text)
                  00003bde    00000086                                   : fd_cmp_t2.asm.obj (.text:__aeabi_cdcmple)
                  00003c64    00000086                                   : fd_cmp_t2.asm.obj (.text:__aeabi_cdrcmple)
                  00003cea    0000007a                                   : memset_t2.asm.obj (.text)
                  00003d64    0000006e                                   : _printfi.c.obj (.text:_mcpy)
                  00003dd2    00000068                                   : copy_decompress_lzss.c.obj (.text:decompress:lzss:__TI_decompress_lzss)
                  00003e3a    00000002     --HOLE-- [fill = 0]
                  00003e3c    00000064                                   : s_frexp.c.obj (.text:frexp)
                  00003ea0    00000056                                   : _printfi.c.obj (.text:_pconv_f)
                  00003ef6    00000054                                   : ltoa.c.obj (.text:ltoa)
                  00003f4a    00000052                                   : _printfi.c.obj (.text:_ecpy)
                  00003f9c    0000004c                                   : atoi.c.obj (.text:atoi)
                  00003fe8    00000048                                   : hosttime.c.obj (.text:HOSTtime)
                  00004030    00000048                                   : fd_toi_t2.asm.obj (.text)
                  00004078    00000044                                   : autoinit.c.obj (.text:__TI_auto_init_nobinit_nopinit:__TI_auto_init_nobinit_nopinit)
                  000040bc    00000040                                   : sprintf.c.obj (.text:sprintf)
                  000040fc    0000003e                                   : _printfi.c.obj (.text:_fcpy)
                  0000413a    00000002     --HOLE-- [fill = 0]
                  0000413c    00000038                                   : trgmsg.c.obj (.text:__TI_writemsg)
                  00004174    00000034                                   : trgmsg.c.obj (.text:__TI_readmsg)
                  000041a8    00000034                                   : boot_cortex_m.c.obj (.text:_c_int00_noargs:_c_int00_noargs)
                  000041dc    00000034                                   : rand.c.obj (.text:rand)
                  00004210    0000002e                                   : i_tofd_t2.asm.obj (.text)
                  0000423e    00000002     --HOLE-- [fill = 0]
                  00004240    0000002c     gpio.obj (.text)
                  0000426c    00000024     rtsv7M4_T_le_v4SPD16_eabi.lib : rand.c.obj (.text:srand)
                  00004290    0000001c                                   : copy_zero_init.c.obj (.text:decompress:ZI:__TI_zero_init_nomemset:__TI_zero_init_nomemset)
                  000042ac    0000001c                                   : memccpy.c.obj (.text:memccpy)
                  000042c8    0000001a                                   : s_copysign.c.obj (.text:copysign)
                  000042e2    00000018                                   : sprintf.c.obj (.text:_outs)
                  000042fa    00000016                                   : strchr.c.obj (.text:strchr)
                  00004310    00000014                                   : strlen.c.obj (.text:strlen)
                  00004324    00000012                                   : wcslen.c.obj (.text:wcslen)
                  00004336    0000000e                                   : time.c.obj (.text:__time32)
                  00004344    0000000e                                   : copy_decompress_none.c.obj (.text:decompress:none:__TI_decompress_none)
                  00004352    0000000e     startup_msp432p401r_ccs.obj (.text)
                  00004360    0000000a     rtsv7M4_T_le_v4SPD16_eabi.lib : sprintf.c.obj (.text:_outc)
                  0000436a    00000002     --HOLE-- [fill = 0]
                  0000436c    00000008                                   : errno.c.obj (.text:__aeabi_errno_addr)
                  00004374    00000004                                   : pre_init.c.obj (.text:_system_pre_init)
                  00004378    00000004                                   : exit.c.obj (.text:abort:abort)

.const     0    0000437c    00000110     
                  0000437c    00000101     rtsv7M4_T_le_v4SPD16_eabi.lib : ctype.c.obj (.const:.string:_ctypes_)
                  0000447d    0000000c     Snake.obj (.const:.string:$P$T0$1)
                  00004489    00000003     Snake.obj (.const:.string:$P$T1$2)

.cinit     0    00004490    00000040     
                  00004490    00000017     (.cinit..data.load) [load image, compression = lzss]
                  000044a7    00000001     --HOLE-- [fill = 0]
                  000044a8    0000000c     (__TI_handler_table)
                  000044b4    00000004     --HOLE-- [fill = 0]
                  000044b8    00000008     (.cinit..bss.load) [load image, compression = zero_init]
                  000044c0    00000010     (__TI_cinit_table)

.init_array 
*          0    00000000    00000000     UNINITIALIZED

.binit     0    00000000    00000000     

.bss       0    20000000    000001f8     UNINITIALIZED
                  20000000    00000120     rtsv7M4_T_le_v4SPD16_eabi.lib : trgmsg.c.obj (.bss:_CIOBUF_)
                  20000120    00000064     (.common:Tail_Move)
                  20000184    00000020     (.common:RxBufr)
                  200001a4    00000020     (.common:TxBufr)
                  200001c4    0000000c     (.common:Snake)
                  200001d0    0000000c     (.common:rx)
                  200001dc    0000000c     (.common:tx)
                  200001e8    00000008     Snake.obj (.bss)
                  200001f0    00000008     (.common:parmbuf)

.data      0    200001f8    00000018     UNINITIALIZED
                  200001f8    00000008     rtsv7M4_T_le_v4SPD16_eabi.lib : _lock.c.obj (.data:$O1$$)
                  20000200    00000004     main.obj (.data)
                  20000204    00000004     rtsv7M4_T_le_v4SPD16_eabi.lib : errno.c.obj (.data)
                  20000208    00000004                                   : rand.c.obj (.data)
                  2000020c    00000004     system_msp432p401r.obj (.data)

.stack     0    2000fe00    00000200     UNINITIALIZED
                  2000fe00    00000004     rtsv7M4_T_le_v4SPD16_eabi.lib : boot_cortex_m.c.obj (.stack)
                  2000fe04    000001fc     --HOLE--

MODULE SUMMARY

       Module                        code    ro data   rw data
       ------                        ----    -------   -------
    .\
       matrixLED.obj                 3548    0         0      
       Snake.obj                     2152    15        240    
       UART.obj                      884     0         176    
       system_msp432p401r.obj        820     0         8      
       main.obj                      744     0         8      
       i2c.obj                       400     0         0      
       drv2605l.obj                  288     0         0      
       startup_msp432p401r_ccs.obj   14      228       0      
       pwm.obj                       164     0         0      
       gpio.obj                      44      0         0      
    +--+-----------------------------+-------+---------+---------+
       Total:                        9058    243       432    
                                                              
    C:\ti\ccs910\ccs\tools\compiler\ti-cgt-arm_18.12.2.LTS\lib\rtsv7M4_T_le_v4SPD16_eabi.lib
       _printfi.c.obj                4851    0         0      
       trgmsg.c.obj                  108     0         576    
       fd_add_t2.asm.obj             438     0         0      
       fd_div_t2.asm.obj             310     0         0      
       s_scalbn.c.obj                272     0         0      
       fd_cmp_t2.asm.obj             268     0         0      
       ctype.c.obj                   0       257       0      
       fd_mul_t2.asm.obj             252     0         0      
       memcpy_t2.asm.obj             156     0         0      
       ull_div_t2.asm.obj            150     0         0      
       memset_t2.asm.obj             122     0         0      
       copy_decompress_lzss.c.obj    104     0         0      
       s_frexp.c.obj                 100     0         0      
       sprintf.c.obj                 98      0         0      
       rand.c.obj                    88      0         8      
       ltoa.c.obj                    84      0         0      
       atoi.c.obj                    76      0         0      
       fd_toi_t2.asm.obj             72      0         0      
       hosttime.c.obj                72      0         0      
       autoinit.c.obj                68      0         0      
       boot_cortex_m.c.obj           52      0         0      
       i_tofd_t2.asm.obj             46      0         0      
       copy_zero_init.c.obj          28      0         0      
       memccpy.c.obj                 28      0         0      
       s_copysign.c.obj              26      0         0      
       strchr.c.obj                  22      0         0      
       strlen.c.obj                  20      0         0      
       _lock.c.obj                   2       0         16     
       wcslen.c.obj                  18      0         0      
       errno.c.obj                   8       0         8      
       hostopen.c.obj                0       0         16     
       copy_decompress_none.c.obj    14      0         0      
       time.c.obj                    14      0         0      
       exit.c.obj                    4       0         0      
       pre_init.c.obj                4       0         0      
       div0.asm.obj                  2       0         0      
    +--+-----------------------------+-------+---------+---------+
       Total:                        7977    257       624    
                                                              
       Stack:                        0       0         1024   
       Linker Generated:             0       59        0      
    +--+-----------------------------+-------+---------+---------+
       Grand Total:                  17035   559       2080   


LINKER GENERATED COPY TABLES

__TI_cinit_table @ 000044c0 records: 2, size/record: 8, table size: 16
	.data: load addr=00004490, load size=00000017 bytes, run addr=200001f8, run size=00000018 bytes, compression=lzss
	.bss: load addr=000044b8, load size=00000008 bytes, run addr=20000000, run size=000001f8 bytes, compression=zero_init


LINKER GENERATED HANDLER TABLE

__TI_handler_table @ 000044a8 records: 3, size/record: 4, table size: 12
	index: 0, handler: __TI_decompress_lzss
	index: 1, handler: __TI_decompress_none
	index: 2, handler: __TI_zero_init


GLOBAL SYMBOLS: SORTED ALPHABETICALLY BY Name 

address   name                          
-------   ----                          
00002035  ADC14_GPIO_CONFIG             
00002065  ADC14_INIT                    
000020cd  ADC14_IRQHandler              
000020cd  ADC14_IRQHandler              
0000435f  AES256_IRQHandler             
0000435f  BusFault_Handler              
00004379  C$$EXIT                       
0000416b  C$$IO$$                       
0000435f  COMP_E0_IRQHandler            
0000435f  COMP_E1_IRQHandler            
0000435f  CS_IRQHandler                 
0000435f  DMA_ERR_IRQHandler            
0000435f  DMA_INT0_IRQHandler           
0000435f  DMA_INT1_IRQHandler           
0000435f  DMA_INT2_IRQHandler           
0000435f  DMA_INT3_IRQHandler           
0000435f  DebugMon_Handler              
0000435f  Default_Handler               
0000435f  EUSCIA0_IRQHandler            
0000435f  EUSCIA1_IRQHandler            
00002377  EUSCIA2_IRQHandler            
00002377  EUSCIA2_IRQHandler            
0000435f  EUSCIA3_IRQHandler            
0000435f  EUSCIB0_IRQHandler            
0000435f  EUSCIB1_IRQHandler            
0000435f  EUSCIB2_IRQHandler            
0000435f  EUSCIB3_IRQHandler            
0000435f  FLCTL_IRQHandler              
0000435f  FPU_IRQHandler                
000019f3  Get                           
00003fe9  HOSTtime                      
0000435f  HardFault_Handler             
0000435f  MemManage_Handler             
0000435f  NMI_Handler                   
0000435f  PCM_IRQHandler                
0000435f  PORT1_IRQHandler              
0000435f  PORT2_IRQHandler              
0000435f  PORT3_IRQHandler              
0000435f  PORT4_IRQHandler              
0000435f  PORT5_IRQHandler              
0000435f  PORT6_IRQHandler              
0000435f  PSS_IRQHandler                
0000435f  PendSV_Handler                
0000199d  Put                           
0000435f  RTC_C_IRQHandler              
00001a39  Rand_Apple                    
00004353  Reset_Handler                 
20000184  RxBufr                        
0000435f  SVC_Handler                   
200001c4  Snake                         
0000435f  SysTick_Handler               
2000020c  SystemCoreClock               
000024ed  SystemCoreClockUpdate         
00002765  SystemInit                    
0000435f  T32_INT1_IRQHandler           
0000435f  T32_INT2_IRQHandler           
0000435f  T32_INTC_IRQHandler           
0000435f  TA0_0_IRQHandler              
0000435f  TA0_N_IRQHandler              
0000435f  TA1_0_IRQHandler              
0000435f  TA1_N_IRQHandler              
0000435f  TA2_0_IRQHandler              
0000435f  TA2_N_IRQHandler              
0000435f  TA3_0_IRQHandler              
0000435f  TA3_N_IRQHandler              
20000120  Tail_Move                     
200001a4  TxBufr                        
0000435f  UsageFault_Handler            
4000480c  WDTCTL_SYM                    
0000435f  WDT_A_IRQHandler              
20000000  __CIOBUF_                     
20010000  __STACK_END                   
00000200  __STACK_SIZE                  
000044c0  __TI_CINIT_Base               
000044d0  __TI_CINIT_Limit              
000044a8  __TI_Handler_Table_Base       
000044b4  __TI_Handler_Table_Limit      
00004079  __TI_auto_init_nobinit_nopinit
00003dd3  __TI_decompress_lzss          
00004345  __TI_decompress_none          
ffffffff  __TI_pprof_out_hndl           
00000ec1  __TI_printfi                  
ffffffff  __TI_prof_data_size           
ffffffff  __TI_prof_data_start          
00004175  __TI_readmsg                  
00000000  __TI_static_base__            
0000413d  __TI_writemsg                 
00004291  __TI_zero_init_nomemset       
00003bdf  __aeabi_cdcmpeq               
00003bdf  __aeabi_cdcmple               
00003c65  __aeabi_cdrcmple              
00004031  __aeabi_d2iz                  
00002f53  __aeabi_dadd                  
000033cd  __aeabi_ddiv                  
00003859  __aeabi_dmul                  
00002f49  __aeabi_dsub                  
0000436d  __aeabi_errno_addr            
00004211  __aeabi_i2d                   
000030ff  __aeabi_idiv0                 
000030ff  __aeabi_ldiv0                 
00003ceb  __aeabi_memclr                
00003ceb  __aeabi_memclr4               
00003ceb  __aeabi_memclr8               
00003aad  __aeabi_memcpy                
00003aad  __aeabi_memcpy4               
00003aad  __aeabi_memcpy8               
00003ced  __aeabi_memset                
00003ced  __aeabi_memset4               
00003ced  __aeabi_memset8               
00003b49  __aeabi_uldivmod              
ffffffff  __binit__                     
ffffffff  __c_args__                    
UNDEFED   __mpu_init                    
2000fe00  __stack                       
00004337  __time32                      
000041a9  _c_int00_noargs               
0000437c  _ctypes_                      
200001f8  _lock                         
0000190f  _nop                          
UNDEFED   _system_post_cinit            
00004375  _system_pre_init              
200001fc  _unlock                       
00004379  abort                         
00000129  address                       
00003f9d  atoi                          
ffffffff  binit                         
00002217  config_UART                   
00003629  config_drv2605L               
00004241  config_drv_gpio               
00003101  config_i2c                    
000006ff  config_matrix_led             
00003a73  config_pwm_gpio               
00003a09  config_pwm_timer              
00001a77  config_snake                  
000042c9  copysign                      
000042c9  copysignl                     
20000204  errno                         
00002821  error                         
20000200  fp                            
00003e3d  frexp                         
00003e3d  frexpl                        
000009f1  game_over_matrix              
0000197b  getDir                        
000022db  insert_byte                   
00000000  interruptVectors              
00003749  ldexp                         
00003749  ldexpl                        
00003ef7  ltoa                          
00002853  main                          
000042ad  memccpy                       
00003aad  memcpy                        
00003cf3  memset                        
200001f0  parmbuf                       
0000198d  put_Dir                       
000041dd  rand                          
000004c1  read                          
0000318b  read_register                 
0000242d  receive_string                
00002331  remove_byte                   
000000e5  reset_matrix                  
200001d0  rx                            
00003749  scalbn                        
00003749  scalbnl                       
000031ff  send_start                    
00003213  send_stop                     
000023c9  send_string                   
00003233  set_as_receiver               
00003227  set_as_transmitter            
0000323f  set_i2c_address               
00003253  set_i2c_byte_counter          
00001b59  snake_play                    
000040bd  sprintf                       
0000426d  srand                         
00003a29  start_pwm                     
00000795  start_screen_matrix           
00003a67  stop_pwm                      
000042fb  strchr                        
00004311  strlen                        
00000d73  test                          
00004337  time                          
00004257  toggle_routine                
200001dc  tx                            
00004325  wcslen                        
00003141  write_register                


GLOBAL SYMBOLS: SORTED BY Symbol Address 

address   name                          
-------   ----                          
00000000  __TI_static_base__            
00000000  interruptVectors              
000000e5  reset_matrix                  
00000129  address                       
00000200  __STACK_SIZE                  
000004c1  read                          
000006ff  config_matrix_led             
00000795  start_screen_matrix           
000009f1  game_over_matrix              
00000d73  test                          
00000ec1  __TI_printfi                  
0000190f  _nop                          
0000197b  getDir                        
0000198d  put_Dir                       
0000199d  Put                           
000019f3  Get                           
00001a39  Rand_Apple                    
00001a77  config_snake                  
00001b59  snake_play                    
00002035  ADC14_GPIO_CONFIG             
00002065  ADC14_INIT                    
000020cd  ADC14_IRQHandler              
000020cd  ADC14_IRQHandler              
00002217  config_UART                   
000022db  insert_byte                   
00002331  remove_byte                   
00002377  EUSCIA2_IRQHandler            
00002377  EUSCIA2_IRQHandler            
000023c9  send_string                   
0000242d  receive_string                
000024ed  SystemCoreClockUpdate         
00002765  SystemInit                    
00002821  error                         
00002853  main                          
00002f49  __aeabi_dsub                  
00002f53  __aeabi_dadd                  
000030ff  __aeabi_idiv0                 
000030ff  __aeabi_ldiv0                 
00003101  config_i2c                    
00003141  write_register                
0000318b  read_register                 
000031ff  send_start                    
00003213  send_stop                     
00003227  set_as_transmitter            
00003233  set_as_receiver               
0000323f  set_i2c_address               
00003253  set_i2c_byte_counter          
000033cd  __aeabi_ddiv                  
00003629  config_drv2605L               
00003749  ldexp                         
00003749  ldexpl                        
00003749  scalbn                        
00003749  scalbnl                       
00003859  __aeabi_dmul                  
00003a09  config_pwm_timer              
00003a29  start_pwm                     
00003a67  stop_pwm                      
00003a73  config_pwm_gpio               
00003aad  __aeabi_memcpy                
00003aad  __aeabi_memcpy4               
00003aad  __aeabi_memcpy8               
00003aad  memcpy                        
00003b49  __aeabi_uldivmod              
00003bdf  __aeabi_cdcmpeq               
00003bdf  __aeabi_cdcmple               
00003c65  __aeabi_cdrcmple              
00003ceb  __aeabi_memclr                
00003ceb  __aeabi_memclr4               
00003ceb  __aeabi_memclr8               
00003ced  __aeabi_memset                
00003ced  __aeabi_memset4               
00003ced  __aeabi_memset8               
00003cf3  memset                        
00003dd3  __TI_decompress_lzss          
00003e3d  frexp                         
00003e3d  frexpl                        
00003ef7  ltoa                          
00003f9d  atoi                          
00003fe9  HOSTtime                      
00004031  __aeabi_d2iz                  
00004079  __TI_auto_init_nobinit_nopinit
000040bd  sprintf                       
0000413d  __TI_writemsg                 
0000416b  C$$IO$$                       
00004175  __TI_readmsg                  
000041a9  _c_int00_noargs               
000041dd  rand                          
00004211  __aeabi_i2d                   
00004241  config_drv_gpio               
00004257  toggle_routine                
0000426d  srand                         
00004291  __TI_zero_init_nomemset       
000042ad  memccpy                       
000042c9  copysign                      
000042c9  copysignl                     
000042fb  strchr                        
00004311  strlen                        
00004325  wcslen                        
00004337  __time32                      
00004337  time                          
00004345  __TI_decompress_none          
00004353  Reset_Handler                 
0000435f  AES256_IRQHandler             
0000435f  BusFault_Handler              
0000435f  COMP_E0_IRQHandler            
0000435f  COMP_E1_IRQHandler            
0000435f  CS_IRQHandler                 
0000435f  DMA_ERR_IRQHandler            
0000435f  DMA_INT0_IRQHandler           
0000435f  DMA_INT1_IRQHandler           
0000435f  DMA_INT2_IRQHandler           
0000435f  DMA_INT3_IRQHandler           
0000435f  DebugMon_Handler              
0000435f  Default_Handler               
0000435f  EUSCIA0_IRQHandler            
0000435f  EUSCIA1_IRQHandler            
0000435f  EUSCIA3_IRQHandler            
0000435f  EUSCIB0_IRQHandler            
0000435f  EUSCIB1_IRQHandler            
0000435f  EUSCIB2_IRQHandler            
0000435f  EUSCIB3_IRQHandler            
0000435f  FLCTL_IRQHandler              
0000435f  FPU_IRQHandler                
0000435f  HardFault_Handler             
0000435f  MemManage_Handler             
0000435f  NMI_Handler                   
0000435f  PCM_IRQHandler                
0000435f  PORT1_IRQHandler              
0000435f  PORT2_IRQHandler              
0000435f  PORT3_IRQHandler              
0000435f  PORT4_IRQHandler              
0000435f  PORT5_IRQHandler              
0000435f  PORT6_IRQHandler              
0000435f  PSS_IRQHandler                
0000435f  PendSV_Handler                
0000435f  RTC_C_IRQHandler              
0000435f  SVC_Handler                   
0000435f  SysTick_Handler               
0000435f  T32_INT1_IRQHandler           
0000435f  T32_INT2_IRQHandler           
0000435f  T32_INTC_IRQHandler           
0000435f  TA0_0_IRQHandler              
0000435f  TA0_N_IRQHandler              
0000435f  TA1_0_IRQHandler              
0000435f  TA1_N_IRQHandler              
0000435f  TA2_0_IRQHandler              
0000435f  TA2_N_IRQHandler              
0000435f  TA3_0_IRQHandler              
0000435f  TA3_N_IRQHandler              
0000435f  UsageFault_Handler            
0000435f  WDT_A_IRQHandler              
0000436d  __aeabi_errno_addr            
00004375  _system_pre_init              
00004379  C$$EXIT                       
00004379  abort                         
0000437c  _ctypes_                      
000044a8  __TI_Handler_Table_Base       
000044b4  __TI_Handler_Table_Limit      
000044c0  __TI_CINIT_Base               
000044d0  __TI_CINIT_Limit              
20000000  __CIOBUF_                     
20000120  Tail_Move                     
20000184  RxBufr                        
200001a4  TxBufr                        
200001c4  Snake                         
200001d0  rx                            
200001dc  tx                            
200001f0  parmbuf                       
200001f8  _lock                         
200001fc  _unlock                       
20000200  fp                            
20000204  errno                         
2000020c  SystemCoreClock               
2000fe00  __stack                       
20010000  __STACK_END                   
4000480c  WDTCTL_SYM                    
ffffffff  __TI_pprof_out_hndl           
ffffffff  __TI_prof_data_size           
ffffffff  __TI_prof_data_start          
ffffffff  __binit__                     
ffffffff  __c_args__                    
ffffffff  binit                         
UNDEFED   __mpu_init                    
UNDEFED   _system_post_cinit            

[184 symbols]
