<?xml version="1.0" encoding="ISO-8859-1" ?>
<link_info>
   <banner>TI ARM Linker PC v18.12.2.LTS</banner>
   <copyright>Copyright (c) 1996-2018 Texas Instruments Incorporated</copyright>
   <link_time>0x5dee8b15</link_time>
   <link_errors>0x0</link_errors>
   <output_file>Final Project.out</output_file>
   <entry_point>
      <name>_c_int00_noargs</name>
      <address>0x41a9</address>
   </entry_point>
   <input_file_list>
      <input_file id="fl-2">
         <path>.\</path>
         <kind>object</kind>
         <file>ADC.obj</file>
         <name>ADC.obj</name>
      </input_file>
      <input_file id="fl-3">
         <path>.\</path>
         <kind>object</kind>
         <file>Snake.obj</file>
         <name>Snake.obj</name>
      </input_file>
      <input_file id="fl-4">
         <path>.\</path>
         <kind>object</kind>
         <file>UART.obj</file>
         <name>UART.obj</name>
      </input_file>
      <input_file id="fl-5">
         <path>.\</path>
         <kind>object</kind>
         <file>drv2605l.obj</file>
         <name>drv2605l.obj</name>
      </input_file>
      <input_file id="fl-6">
         <path>.\</path>
         <kind>object</kind>
         <file>gpio.obj</file>
         <name>gpio.obj</name>
      </input_file>
      <input_file id="fl-7">
         <path>.\</path>
         <kind>object</kind>
         <file>i2c.obj</file>
         <name>i2c.obj</name>
      </input_file>
      <input_file id="fl-8">
         <path>.\</path>
         <kind>object</kind>
         <file>main.obj</file>
         <name>main.obj</name>
      </input_file>
      <input_file id="fl-9">
         <path>.\</path>
         <kind>object</kind>
         <file>matrixLED.obj</file>
         <name>matrixLED.obj</name>
      </input_file>
      <input_file id="fl-a">
         <path>.\</path>
         <kind>object</kind>
         <file>pwm.obj</file>
         <name>pwm.obj</name>
      </input_file>
      <input_file id="fl-b">
         <path>.\</path>
         <kind>object</kind>
         <file>startup_msp432p401r_ccs.obj</file>
         <name>startup_msp432p401r_ccs.obj</name>
      </input_file>
      <input_file id="fl-c">
         <path>.\</path>
         <kind>object</kind>
         <file>system_msp432p401r.obj</file>
         <name>system_msp432p401r.obj</name>
      </input_file>
      <input_file id="fl-10">
         <kind>object</kind>
         <file>&lt;internal&gt;</file>
         <name>&lt;internal&gt;</name>
      </input_file>
      <input_file id="fl-c6">
         <path>C:\ti\ccs910\ccs\tools\compiler\ti-cgt-arm_18.12.2.LTS\lib\</path>
         <kind>archive</kind>
         <file>rtsv7M4_T_le_v4SPD16_eabi.lib</file>
         <name>sprintf.c.obj</name>
      </input_file>
      <input_file id="fl-c7">
         <path>C:\ti\ccs910\ccs\tools\compiler\ti-cgt-arm_18.12.2.LTS\lib\</path>
         <kind>archive</kind>
         <file>rtsv7M4_T_le_v4SPD16_eabi.lib</file>
         <name>memset_t2.asm.obj</name>
      </input_file>
      <input_file id="fl-c8">
         <path>C:\ti\ccs910\ccs\tools\compiler\ti-cgt-arm_18.12.2.LTS\lib\</path>
         <kind>archive</kind>
         <file>rtsv7M4_T_le_v4SPD16_eabi.lib</file>
         <name>memcpy_t2.asm.obj</name>
      </input_file>
      <input_file id="fl-c9">
         <path>C:\ti\ccs910\ccs\tools\compiler\ti-cgt-arm_18.12.2.LTS\lib\</path>
         <kind>archive</kind>
         <file>rtsv7M4_T_le_v4SPD16_eabi.lib</file>
         <name>copy_zero_init.c.obj</name>
      </input_file>
      <input_file id="fl-ca">
         <path>C:\ti\ccs910\ccs\tools\compiler\ti-cgt-arm_18.12.2.LTS\lib\</path>
         <kind>archive</kind>
         <file>rtsv7M4_T_le_v4SPD16_eabi.lib</file>
         <name>copy_decompress_none.c.obj</name>
      </input_file>
      <input_file id="fl-cb">
         <path>C:\ti\ccs910\ccs\tools\compiler\ti-cgt-arm_18.12.2.LTS\lib\</path>
         <kind>archive</kind>
         <file>rtsv7M4_T_le_v4SPD16_eabi.lib</file>
         <name>copy_decompress_lzss.c.obj</name>
      </input_file>
      <input_file id="fl-cc">
         <path>C:\ti\ccs910\ccs\tools\compiler\ti-cgt-arm_18.12.2.LTS\lib\</path>
         <kind>archive</kind>
         <file>rtsv7M4_T_le_v4SPD16_eabi.lib</file>
         <name>rand.c.obj</name>
      </input_file>
      <input_file id="fl-cd">
         <path>C:\ti\ccs910\ccs\tools\compiler\ti-cgt-arm_18.12.2.LTS\lib\</path>
         <kind>archive</kind>
         <file>rtsv7M4_T_le_v4SPD16_eabi.lib</file>
         <name>strlen.c.obj</name>
      </input_file>
      <input_file id="fl-ce">
         <path>C:\ti\ccs910\ccs\tools\compiler\ti-cgt-arm_18.12.2.LTS\lib\</path>
         <kind>archive</kind>
         <file>rtsv7M4_T_le_v4SPD16_eabi.lib</file>
         <name>time.c.obj</name>
      </input_file>
      <input_file id="fl-cf">
         <path>C:\ti\ccs910\ccs\tools\compiler\ti-cgt-arm_18.12.2.LTS\lib\</path>
         <kind>archive</kind>
         <file>rtsv7M4_T_le_v4SPD16_eabi.lib</file>
         <name>boot_cortex_m.c.obj</name>
      </input_file>
      <input_file id="fl-d0">
         <path>C:\ti\ccs910\ccs\tools\compiler\ti-cgt-arm_18.12.2.LTS\lib\</path>
         <kind>archive</kind>
         <file>rtsv7M4_T_le_v4SPD16_eabi.lib</file>
         <name>_printfi.c.obj</name>
      </input_file>
      <input_file id="fl-d1">
         <path>C:\ti\ccs910\ccs\tools\compiler\ti-cgt-arm_18.12.2.LTS\lib\</path>
         <kind>archive</kind>
         <file>rtsv7M4_T_le_v4SPD16_eabi.lib</file>
         <name>s_frexp.c.obj</name>
      </input_file>
      <input_file id="fl-d2">
         <path>C:\ti\ccs910\ccs\tools\compiler\ti-cgt-arm_18.12.2.LTS\lib\</path>
         <kind>archive</kind>
         <file>rtsv7M4_T_le_v4SPD16_eabi.lib</file>
         <name>s_scalbn.c.obj</name>
      </input_file>
      <input_file id="fl-d3">
         <path>C:\ti\ccs910\ccs\tools\compiler\ti-cgt-arm_18.12.2.LTS\lib\</path>
         <kind>archive</kind>
         <file>rtsv7M4_T_le_v4SPD16_eabi.lib</file>
         <name>ull_div_t2.asm.obj</name>
      </input_file>
      <input_file id="fl-d4">
         <path>C:\ti\ccs910\ccs\tools\compiler\ti-cgt-arm_18.12.2.LTS\lib\</path>
         <kind>archive</kind>
         <file>rtsv7M4_T_le_v4SPD16_eabi.lib</file>
         <name>fd_add_t2.asm.obj</name>
      </input_file>
      <input_file id="fl-d5">
         <path>C:\ti\ccs910\ccs\tools\compiler\ti-cgt-arm_18.12.2.LTS\lib\</path>
         <kind>archive</kind>
         <file>rtsv7M4_T_le_v4SPD16_eabi.lib</file>
         <name>fd_cmp_t2.asm.obj</name>
      </input_file>
      <input_file id="fl-d6">
         <path>C:\ti\ccs910\ccs\tools\compiler\ti-cgt-arm_18.12.2.LTS\lib\</path>
         <kind>archive</kind>
         <file>rtsv7M4_T_le_v4SPD16_eabi.lib</file>
         <name>fd_div_t2.asm.obj</name>
      </input_file>
      <input_file id="fl-d7">
         <path>C:\ti\ccs910\ccs\tools\compiler\ti-cgt-arm_18.12.2.LTS\lib\</path>
         <kind>archive</kind>
         <file>rtsv7M4_T_le_v4SPD16_eabi.lib</file>
         <name>fd_mul_t2.asm.obj</name>
      </input_file>
      <input_file id="fl-d8">
         <path>C:\ti\ccs910\ccs\tools\compiler\ti-cgt-arm_18.12.2.LTS\lib\</path>
         <kind>archive</kind>
         <file>rtsv7M4_T_le_v4SPD16_eabi.lib</file>
         <name>fd_toi_t2.asm.obj</name>
      </input_file>
      <input_file id="fl-d9">
         <path>C:\ti\ccs910\ccs\tools\compiler\ti-cgt-arm_18.12.2.LTS\lib\</path>
         <kind>archive</kind>
         <file>rtsv7M4_T_le_v4SPD16_eabi.lib</file>
         <name>i_tofd_t2.asm.obj</name>
      </input_file>
      <input_file id="fl-da">
         <path>C:\ti\ccs910\ccs\tools\compiler\ti-cgt-arm_18.12.2.LTS\lib\</path>
         <kind>archive</kind>
         <file>rtsv7M4_T_le_v4SPD16_eabi.lib</file>
         <name>autoinit.c.obj</name>
      </input_file>
      <input_file id="fl-db">
         <path>C:\ti\ccs910\ccs\tools\compiler\ti-cgt-arm_18.12.2.LTS\lib\</path>
         <kind>archive</kind>
         <file>rtsv7M4_T_le_v4SPD16_eabi.lib</file>
         <name>pre_init.c.obj</name>
      </input_file>
      <input_file id="fl-dc">
         <path>C:\ti\ccs910\ccs\tools\compiler\ti-cgt-arm_18.12.2.LTS\lib\</path>
         <kind>archive</kind>
         <file>rtsv7M4_T_le_v4SPD16_eabi.lib</file>
         <name>cpy_tbl.c.obj</name>
      </input_file>
      <input_file id="fl-dd">
         <path>C:\ti\ccs910\ccs\tools\compiler\ti-cgt-arm_18.12.2.LTS\lib\</path>
         <kind>archive</kind>
         <file>rtsv7M4_T_le_v4SPD16_eabi.lib</file>
         <name>exit.c.obj</name>
      </input_file>
      <input_file id="fl-de">
         <path>C:\ti\ccs910\ccs\tools\compiler\ti-cgt-arm_18.12.2.LTS\lib\</path>
         <kind>archive</kind>
         <file>rtsv7M4_T_le_v4SPD16_eabi.lib</file>
         <name>_lock.c.obj</name>
      </input_file>
      <input_file id="fl-df">
         <path>C:\ti\ccs910\ccs\tools\compiler\ti-cgt-arm_18.12.2.LTS\lib\</path>
         <kind>archive</kind>
         <file>rtsv7M4_T_le_v4SPD16_eabi.lib</file>
         <name>args_main.c.obj</name>
      </input_file>
      <input_file id="fl-e0">
         <path>C:\ti\ccs910\ccs\tools\compiler\ti-cgt-arm_18.12.2.LTS\lib\</path>
         <kind>archive</kind>
         <file>rtsv7M4_T_le_v4SPD16_eabi.lib</file>
         <name>atoi.c.obj</name>
      </input_file>
      <input_file id="fl-e1">
         <path>C:\ti\ccs910\ccs\tools\compiler\ti-cgt-arm_18.12.2.LTS\lib\</path>
         <kind>archive</kind>
         <file>rtsv7M4_T_le_v4SPD16_eabi.lib</file>
         <name>ctype.c.obj</name>
      </input_file>
      <input_file id="fl-e2">
         <path>C:\ti\ccs910\ccs\tools\compiler\ti-cgt-arm_18.12.2.LTS\lib\</path>
         <kind>archive</kind>
         <file>rtsv7M4_T_le_v4SPD16_eabi.lib</file>
         <name>ltoa.c.obj</name>
      </input_file>
      <input_file id="fl-e3">
         <path>C:\ti\ccs910\ccs\tools\compiler\ti-cgt-arm_18.12.2.LTS\lib\</path>
         <kind>archive</kind>
         <file>rtsv7M4_T_le_v4SPD16_eabi.lib</file>
         <name>memccpy.c.obj</name>
      </input_file>
      <input_file id="fl-e4">
         <path>C:\ti\ccs910\ccs\tools\compiler\ti-cgt-arm_18.12.2.LTS\lib\</path>
         <kind>archive</kind>
         <file>rtsv7M4_T_le_v4SPD16_eabi.lib</file>
         <name>strchr.c.obj</name>
      </input_file>
      <input_file id="fl-e5">
         <path>C:\ti\ccs910\ccs\tools\compiler\ti-cgt-arm_18.12.2.LTS\lib\</path>
         <kind>archive</kind>
         <file>rtsv7M4_T_le_v4SPD16_eabi.lib</file>
         <name>hosttime.c.obj</name>
      </input_file>
      <input_file id="fl-e6">
         <path>C:\ti\ccs910\ccs\tools\compiler\ti-cgt-arm_18.12.2.LTS\lib\</path>
         <kind>archive</kind>
         <file>rtsv7M4_T_le_v4SPD16_eabi.lib</file>
         <name>trgmsg.c.obj</name>
      </input_file>
      <input_file id="fl-e7">
         <path>C:\ti\ccs910\ccs\tools\compiler\ti-cgt-arm_18.12.2.LTS\lib\</path>
         <kind>archive</kind>
         <file>rtsv7M4_T_le_v4SPD16_eabi.lib</file>
         <name>errno.c.obj</name>
      </input_file>
      <input_file id="fl-e8">
         <path>C:\ti\ccs910\ccs\tools\compiler\ti-cgt-arm_18.12.2.LTS\lib\</path>
         <kind>archive</kind>
         <file>rtsv7M4_T_le_v4SPD16_eabi.lib</file>
         <name>wcslen.c.obj</name>
      </input_file>
      <input_file id="fl-e9">
         <path>C:\ti\ccs910\ccs\tools\compiler\ti-cgt-arm_18.12.2.LTS\lib\</path>
         <kind>archive</kind>
         <file>rtsv7M4_T_le_v4SPD16_eabi.lib</file>
         <name>s_copysign.c.obj</name>
      </input_file>
      <input_file id="fl-ea">
         <path>C:\ti\ccs910\ccs\tools\compiler\ti-cgt-arm_18.12.2.LTS\lib\</path>
         <kind>archive</kind>
         <file>rtsv7M4_T_le_v4SPD16_eabi.lib</file>
         <name>div0.asm.obj</name>
      </input_file>
      <input_file id="fl-eb">
         <path>C:\ti\ccs910\ccs\tools\compiler\ti-cgt-arm_18.12.2.LTS\lib\</path>
         <kind>archive</kind>
         <file>rtsv7M4_T_le_v4SPD16_eabi.lib</file>
         <name>hostopen.c.obj</name>
      </input_file>
   </input_file_list>
   <object_component_list>
      <object_component id="oc-23">
         <name>.intvecs:retain</name>
         <load_address>0x0</load_address>
         <run_address>0x0</run_address>
         <size>0xe4</size>
         <input_file_ref idref="fl-b"/>
      </object_component>
      <object_component id="oc-126">
         <name>.text</name>
         <load_address>0xe4</load_address>
         <run_address>0xe4</run_address>
         <size>0xddc</size>
         <input_file_ref idref="fl-9"/>
      </object_component>
      <object_component id="oc-19f">
         <name>.text:__TI_printfi</name>
         <load_address>0xec0</load_address>
         <run_address>0xec0</run_address>
         <size>0xa4e</size>
         <input_file_ref idref="fl-d0"/>
      </object_component>
      <object_component id="oc-203">
         <name>.text:_nop</name>
         <load_address>0x190e</load_address>
         <run_address>0x190e</run_address>
         <size>0x2</size>
         <input_file_ref idref="fl-de"/>
      </object_component>
      <object_component id="oc-70">
         <name>.text</name>
         <load_address>0x1910</load_address>
         <run_address>0x1910</run_address>
         <size>0x868</size>
         <input_file_ref idref="fl-3"/>
      </object_component>
      <object_component id="oc-6a">
         <name>.text</name>
         <load_address>0x2178</load_address>
         <run_address>0x2178</run_address>
         <size>0x374</size>
         <input_file_ref idref="fl-4"/>
      </object_component>
      <object_component id="oc-ae">
         <name>.text</name>
         <load_address>0x24ec</load_address>
         <run_address>0x24ec</run_address>
         <size>0x334</size>
         <input_file_ref idref="fl-c"/>
      </object_component>
      <object_component id="oc-9c">
         <name>.text</name>
         <load_address>0x2820</load_address>
         <run_address>0x2820</run_address>
         <size>0x2e8</size>
         <input_file_ref idref="fl-8"/>
      </object_component>
      <object_component id="oc-232">
         <name>.text:_pconv_a</name>
         <load_address>0x2b08</load_address>
         <run_address>0x2b08</run_address>
         <size>0x270</size>
         <input_file_ref idref="fl-d0"/>
      </object_component>
      <object_component id="oc-220">
         <name>.text:_pconv_g</name>
         <load_address>0x2d78</load_address>
         <run_address>0x2d78</run_address>
         <size>0x1d0</size>
         <input_file_ref idref="fl-d0"/>
      </object_component>
      <object_component id="oc-2c3">
         <name>.text</name>
         <load_address>0x2f48</load_address>
         <run_address>0x2f48</run_address>
         <size>0x1b6</size>
         <input_file_ref idref="fl-d4"/>
      </object_component>
      <object_component id="oc-333">
         <name>.text</name>
         <load_address>0x30fe</load_address>
         <run_address>0x30fe</run_address>
         <size>0x2</size>
         <input_file_ref idref="fl-ea"/>
      </object_component>
      <object_component id="oc-10e">
         <name>.text</name>
         <load_address>0x3100</load_address>
         <run_address>0x3100</run_address>
         <size>0x190</size>
         <input_file_ref idref="fl-7"/>
      </object_component>
      <object_component id="oc-22c">
         <name>.text:_pconv_e</name>
         <load_address>0x3290</load_address>
         <run_address>0x3290</run_address>
         <size>0x13c</size>
         <input_file_ref idref="fl-d0"/>
      </object_component>
      <object_component id="oc-2a9">
         <name>.text</name>
         <load_address>0x33cc</load_address>
         <run_address>0x33cc</run_address>
         <size>0x136</size>
         <input_file_ref idref="fl-d6"/>
      </object_component>
      <object_component id="oc-2d5">
         <name>.text:fcvt</name>
         <load_address>0x3504</load_address>
         <run_address>0x3504</run_address>
         <size>0x124</size>
         <input_file_ref idref="fl-d0"/>
      </object_component>
      <object_component id="oc-11a">
         <name>.text</name>
         <load_address>0x3628</load_address>
         <run_address>0x3628</run_address>
         <size>0x120</size>
         <input_file_ref idref="fl-5"/>
      </object_component>
      <object_component id="oc-2e9">
         <name>.text:scalbn</name>
         <load_address>0x3748</load_address>
         <run_address>0x3748</run_address>
         <size>0x110</size>
         <input_file_ref idref="fl-d2"/>
      </object_component>
      <object_component id="oc-2a4">
         <name>.text</name>
         <load_address>0x3858</load_address>
         <run_address>0x3858</run_address>
         <size>0xfc</size>
         <input_file_ref idref="fl-d7"/>
      </object_component>
      <object_component id="oc-215">
         <name>.text:_ltostr</name>
         <load_address>0x3954</load_address>
         <run_address>0x3954</run_address>
         <size>0xb1</size>
         <input_file_ref idref="fl-d0"/>
      </object_component>
      <object_component id="oc-114">
         <name>.text</name>
         <load_address>0x3a08</load_address>
         <run_address>0x3a08</run_address>
         <size>0xa4</size>
         <input_file_ref idref="fl-a"/>
      </object_component>
      <object_component id="oc-34">
         <name>.text</name>
         <load_address>0x3aac</load_address>
         <run_address>0x3aac</run_address>
         <size>0x9c</size>
         <input_file_ref idref="fl-c8"/>
      </object_component>
      <object_component id="oc-29d">
         <name>.text</name>
         <load_address>0x3b48</load_address>
         <run_address>0x3b48</run_address>
         <size>0x96</size>
         <input_file_ref idref="fl-d3"/>
      </object_component>
      <object_component id="oc-21b">
         <name>.text:__aeabi_cdcmple</name>
         <load_address>0x3bde</load_address>
         <run_address>0x3bde</run_address>
         <size>0x86</size>
         <input_file_ref idref="fl-d5"/>
      </object_component>
      <object_component id="oc-2ae">
         <name>.text:__aeabi_cdrcmple</name>
         <load_address>0x3c64</load_address>
         <run_address>0x3c64</run_address>
         <size>0x86</size>
         <input_file_ref idref="fl-d5"/>
      </object_component>
      <object_component id="oc-90">
         <name>.text</name>
         <load_address>0x3cea</load_address>
         <run_address>0x3cea</run_address>
         <size>0x7a</size>
         <input_file_ref idref="fl-c7"/>
      </object_component>
      <object_component id="oc-2ce">
         <name>.text:_mcpy</name>
         <load_address>0x3d64</load_address>
         <run_address>0x3d64</run_address>
         <size>0x6e</size>
         <input_file_ref idref="fl-d0"/>
      </object_component>
      <object_component id="oc-14">
         <name>.text:decompress:lzss:__TI_decompress_lzss</name>
         <load_address>0x3dd2</load_address>
         <run_address>0x3dd2</run_address>
         <size>0x68</size>
         <input_file_ref idref="fl-cb"/>
      </object_component>
      <object_component id="oc-2e3">
         <name>.text:frexp</name>
         <load_address>0x3e3c</load_address>
         <run_address>0x3e3c</run_address>
         <size>0x64</size>
         <input_file_ref idref="fl-d1"/>
      </object_component>
      <object_component id="oc-226">
         <name>.text:_pconv_f</name>
         <load_address>0x3ea0</load_address>
         <run_address>0x3ea0</run_address>
         <size>0x56</size>
         <input_file_ref idref="fl-d0"/>
      </object_component>
      <object_component id="oc-2b8">
         <name>.text:ltoa</name>
         <load_address>0x3ef6</load_address>
         <run_address>0x3ef6</run_address>
         <size>0x54</size>
         <input_file_ref idref="fl-e2"/>
      </object_component>
      <object_component id="oc-2c8">
         <name>.text:_ecpy</name>
         <load_address>0x3f4a</load_address>
         <run_address>0x3f4a</run_address>
         <size>0x52</size>
         <input_file_ref idref="fl-d0"/>
      </object_component>
      <object_component id="oc-20f">
         <name>.text:atoi</name>
         <load_address>0x3f9c</load_address>
         <run_address>0x3f9c</run_address>
         <size>0x4c</size>
         <input_file_ref idref="fl-e0"/>
      </object_component>
      <object_component id="oc-1be">
         <name>.text:HOSTtime</name>
         <load_address>0x3fe8</load_address>
         <run_address>0x3fe8</run_address>
         <size>0x48</size>
         <input_file_ref idref="fl-e5"/>
      </object_component>
      <object_component id="oc-2b3">
         <name>.text</name>
         <load_address>0x4030</load_address>
         <run_address>0x4030</run_address>
         <size>0x48</size>
         <input_file_ref idref="fl-d8"/>
      </object_component>
      <object_component id="oc-13d">
         <name>.text:__TI_auto_init_nobinit_nopinit:__TI_auto_init_nobinit_nopinit</name>
         <load_address>0x4078</load_address>
         <run_address>0x4078</run_address>
         <size>0x44</size>
         <input_file_ref idref="fl-da"/>
      </object_component>
      <object_component id="oc-d3">
         <name>.text:sprintf</name>
         <load_address>0x40bc</load_address>
         <run_address>0x40bc</run_address>
         <size>0x40</size>
         <input_file_ref idref="fl-c6"/>
      </object_component>
      <object_component id="oc-2db">
         <name>.text:_fcpy</name>
         <load_address>0x40fc</load_address>
         <run_address>0x40fc</run_address>
         <size>0x3e</size>
         <input_file_ref idref="fl-d0"/>
      </object_component>
      <object_component id="oc-25c">
         <name>.text:__TI_writemsg</name>
         <load_address>0x413c</load_address>
         <run_address>0x413c</run_address>
         <size>0x38</size>
         <input_file_ref idref="fl-e6"/>
      </object_component>
      <object_component id="oc-262">
         <name>.text:__TI_readmsg</name>
         <load_address>0x4174</load_address>
         <run_address>0x4174</run_address>
         <size>0x34</size>
         <input_file_ref idref="fl-e6"/>
      </object_component>
      <object_component id="oc-52">
         <name>.text:_c_int00_noargs:_c_int00_noargs</name>
         <load_address>0x41a8</load_address>
         <run_address>0x41a8</run_address>
         <size>0x34</size>
         <input_file_ref idref="fl-cf"/>
      </object_component>
      <object_component id="oc-c6">
         <name>.text:rand</name>
         <load_address>0x41dc</load_address>
         <run_address>0x41dc</run_address>
         <size>0x34</size>
         <input_file_ref idref="fl-cc"/>
      </object_component>
      <object_component id="oc-2be">
         <name>.text</name>
         <load_address>0x4210</load_address>
         <run_address>0x4210</run_address>
         <size>0x2e</size>
         <input_file_ref idref="fl-d9"/>
      </object_component>
      <object_component id="oc-120">
         <name>.text</name>
         <load_address>0x4240</load_address>
         <run_address>0x4240</run_address>
         <size>0x2c</size>
         <input_file_ref idref="fl-6"/>
      </object_component>
      <object_component id="oc-108">
         <name>.text:srand</name>
         <load_address>0x426c</load_address>
         <run_address>0x426c</run_address>
         <size>0x24</size>
         <input_file_ref idref="fl-cc"/>
      </object_component>
      <object_component id="oc-40">
         <name>.text:decompress:ZI:__TI_zero_init_nomemset:__TI_zero_init_nomemset</name>
         <load_address>0x4290</load_address>
         <run_address>0x4290</run_address>
         <size>0x1c</size>
         <input_file_ref idref="fl-c9"/>
      </object_component>
      <object_component id="oc-238">
         <name>.text:memccpy</name>
         <load_address>0x42ac</load_address>
         <run_address>0x42ac</run_address>
         <size>0x1c</size>
         <input_file_ref idref="fl-e3"/>
      </object_component>
      <object_component id="oc-34c">
         <name>.text:copysign</name>
         <load_address>0x42c8</load_address>
         <run_address>0x42c8</run_address>
         <size>0x1a</size>
         <input_file_ref idref="fl-e9"/>
      </object_component>
      <object_component id="oc-1a5">
         <name>.text:_outs</name>
         <load_address>0x42e2</load_address>
         <run_address>0x42e2</run_address>
         <size>0x18</size>
         <input_file_ref idref="fl-c6"/>
      </object_component>
      <object_component id="oc-2ef">
         <name>.text:strchr</name>
         <load_address>0x42fa</load_address>
         <run_address>0x42fa</run_address>
         <size>0x16</size>
         <input_file_ref idref="fl-e4"/>
      </object_component>
      <object_component id="oc-d9">
         <name>.text:strlen</name>
         <load_address>0x4310</load_address>
         <run_address>0x4310</run_address>
         <size>0x14</size>
         <input_file_ref idref="fl-cd"/>
      </object_component>
      <object_component id="oc-23e">
         <name>.text:wcslen</name>
         <load_address>0x4324</load_address>
         <run_address>0x4324</run_address>
         <size>0x12</size>
         <input_file_ref idref="fl-e8"/>
      </object_component>
      <object_component id="oc-102">
         <name>.text:__time32</name>
         <load_address>0x4336</load_address>
         <run_address>0x4336</run_address>
         <size>0xe</size>
         <input_file_ref idref="fl-ce"/>
      </object_component>
      <object_component id="oc-1a">
         <name>.text:decompress:none:__TI_decompress_none</name>
         <load_address>0x4344</load_address>
         <run_address>0x4344</run_address>
         <size>0xe</size>
         <input_file_ref idref="fl-ca"/>
      </object_component>
      <object_component id="oc-64">
         <name>.text</name>
         <load_address>0x4352</load_address>
         <run_address>0x4352</run_address>
         <size>0xe</size>
         <input_file_ref idref="fl-b"/>
      </object_component>
      <object_component id="oc-1ab">
         <name>.text:_outc</name>
         <load_address>0x4360</load_address>
         <run_address>0x4360</run_address>
         <size>0xa</size>
         <input_file_ref idref="fl-c6"/>
      </object_component>
      <object_component id="oc-244">
         <name>.text:__aeabi_errno_addr</name>
         <load_address>0x436c</load_address>
         <run_address>0x436c</run_address>
         <size>0x8</size>
         <input_file_ref idref="fl-e7"/>
      </object_component>
      <object_component id="oc-96">
         <name>.text:_system_pre_init</name>
         <load_address>0x4374</load_address>
         <run_address>0x4374</run_address>
         <size>0x4</size>
         <input_file_ref idref="fl-db"/>
      </object_component>
      <object_component id="oc-131">
         <name>.text:abort:abort</name>
         <load_address>0x4378</load_address>
         <run_address>0x4378</run_address>
         <size>0x4</size>
         <input_file_ref idref="fl-dd"/>
      </object_component>
      <object_component id="oc-298">
         <name>.const:.string:_ctypes_</name>
         <load_address>0x437c</load_address>
         <run_address>0x437c</run_address>
         <size>0x101</size>
         <input_file_ref idref="fl-e1"/>
      </object_component>
      <object_component id="oc-df">
         <name>.const:.string:$P$T0$1</name>
         <load_address>0x447d</load_address>
         <run_address>0x447d</run_address>
         <size>0xc</size>
         <input_file_ref idref="fl-3"/>
      </object_component>
      <object_component id="oc-e2">
         <name>.const:.string:$P$T1$2</name>
         <load_address>0x4489</load_address>
         <run_address>0x4489</run_address>
         <size>0x3</size>
         <input_file_ref idref="fl-3"/>
      </object_component>
      <object_component id="oc-3ac">
         <name>.cinit..data.load</name>
         <load_address>0x4490</load_address>
         <run_address>0x4490</run_address>
         <size>0x17</size>
      </object_component>
      <object_component id="oc-3aa">
         <name>__TI_handler_table</name>
         <load_address>0x44a8</load_address>
         <run_address>0x44a8</run_address>
         <size>0xc</size>
      </object_component>
      <object_component id="oc-3ad">
         <name>.cinit..bss.load</name>
         <load_address>0x44b8</load_address>
         <run_address>0x44b8</run_address>
         <size>0x8</size>
      </object_component>
      <object_component id="oc-3ab">
         <name>__TI_cinit_table</name>
         <load_address>0x44c0</load_address>
         <run_address>0x44c0</run_address>
         <size>0x10</size>
      </object_component>
      <object_component id="oc-37f">
         <name>.binit</name>
         <load_address>0x0</load_address>
         <run_address>0x0</run_address>
         <size>0x0</size>
      </object_component>
      <object_component id="oc-12c">
         <name>.data</name>
         <load_address>0x20000200</load_address>
         <run_address>0x20000200</run_address>
         <size>0x4</size>
         <input_file_ref idref="fl-8"/>
      </object_component>
      <object_component id="oc-16f">
         <name>.data</name>
         <load_address>0x2000020c</load_address>
         <run_address>0x2000020c</run_address>
         <size>0x4</size>
         <input_file_ref idref="fl-c"/>
      </object_component>
      <object_component id="oc-188">
         <name>.data</name>
         <load_address>0x20000208</load_address>
         <run_address>0x20000208</run_address>
         <size>0x4</size>
         <input_file_ref idref="fl-cc"/>
      </object_component>
      <object_component id="oc-185">
         <name>.data:$O1$$</name>
         <load_address>0x200001f8</load_address>
         <run_address>0x200001f8</run_address>
         <size>0x8</size>
         <input_file_ref idref="fl-de"/>
      </object_component>
      <object_component id="oc-2ff">
         <name>.data</name>
         <load_address>0x20000204</load_address>
         <run_address>0x20000204</run_address>
         <size>0x4</size>
         <input_file_ref idref="fl-e7"/>
      </object_component>
      <object_component id="oc-cc">
         <name>.bss</name>
         <uninitialized>true</uninitialized>
         <run_address>0x200001e8</run_address>
         <size>0x8</size>
         <input_file_ref idref="fl-3"/>
      </object_component>
      <object_component id="oc-315">
         <name>.bss:_CIOBUF_</name>
         <uninitialized>true</uninitialized>
         <run_address>0x20000000</run_address>
         <size>0x120</size>
         <input_file_ref idref="fl-e6"/>
      </object_component>
      <object_component id="oc-d2">
         <name>.common:Tail_Move</name>
         <uninitialized>true</uninitialized>
         <run_address>0x20000120</run_address>
         <size>0x64</size>
      </object_component>
      <object_component id="oc-cf">
         <name>.common:Snake</name>
         <uninitialized>true</uninitialized>
         <run_address>0x200001c4</run_address>
         <size>0xc</size>
      </object_component>
      <object_component id="oc-b8">
         <name>.common:RxBufr</name>
         <uninitialized>true</uninitialized>
         <run_address>0x20000184</run_address>
         <size>0x20</size>
      </object_component>
      <object_component id="oc-ba">
         <name>.common:TxBufr</name>
         <uninitialized>true</uninitialized>
         <run_address>0x200001a4</run_address>
         <size>0x20</size>
      </object_component>
      <object_component id="oc-b5">
         <name>.common:rx</name>
         <uninitialized>true</uninitialized>
         <run_address>0x200001d0</run_address>
         <size>0xc</size>
      </object_component>
      <object_component id="oc-b9">
         <name>.common:tx</name>
         <uninitialized>true</uninitialized>
         <run_address>0x200001dc</run_address>
         <size>0xc</size>
      </object_component>
      <object_component id="oc-268">
         <name>.common:parmbuf</name>
         <uninitialized>true</uninitialized>
         <run_address>0x200001f0</run_address>
         <size>0x8</size>
      </object_component>
      <object_component id="oc-26">
         <name>.stack</name>
         <uninitialized>true</uninitialized>
         <run_address>0x2000fe00</run_address>
         <size>0x4</size>
         <input_file_ref idref="fl-cf"/>
      </object_component>
      <object_component id="oc-3ae">
         <name>.stack</name>
         <uninitialized>true</uninitialized>
         <run_address>0x2000fe00</run_address>
         <size>0x0</size>
      </object_component>
      <object_component id="oc-184">
         <name>.debug_info</name>
         <load_address>0x0</load_address>
         <run_address>0x0</run_address>
         <size>0x391</size>
         <input_file_ref idref="fl-2"/>
      </object_component>
      <object_component id="oc-ed">
         <name>.debug_info</name>
         <load_address>0x391</load_address>
         <run_address>0x391</run_address>
         <size>0x26b</size>
         <input_file_ref idref="fl-2"/>
      </object_component>
      <object_component id="oc-175">
         <name>.debug_info</name>
         <load_address>0x5fc</load_address>
         <run_address>0x5fc</run_address>
         <size>0x1055</size>
         <input_file_ref idref="fl-2"/>
      </object_component>
      <object_component id="oc-c1">
         <name>.debug_info</name>
         <load_address>0x1651</load_address>
         <run_address>0x1651</run_address>
         <size>0x37e2</size>
         <input_file_ref idref="fl-2"/>
      </object_component>
      <object_component id="oc-2f">
         <name>.debug_info</name>
         <load_address>0x4e33</load_address>
         <run_address>0x4e33</run_address>
         <size>0x84</size>
         <input_file_ref idref="fl-2"/>
      </object_component>
      <object_component id="oc-17f">
         <name>.debug_info</name>
         <load_address>0x4eb7</load_address>
         <run_address>0x4eb7</run_address>
         <size>0x297</size>
         <input_file_ref idref="fl-2"/>
      </object_component>
      <object_component id="oc-bc">
         <name>.debug_info</name>
         <load_address>0x514e</load_address>
         <run_address>0x514e</run_address>
         <size>0xbb</size>
         <input_file_ref idref="fl-2"/>
      </object_component>
      <object_component id="oc-19a">
         <name>.debug_info</name>
         <load_address>0x5209</load_address>
         <run_address>0x5209</run_address>
         <size>0xcc</size>
         <input_file_ref idref="fl-2"/>
      </object_component>
      <object_component id="oc-1b3">
         <name>.debug_info</name>
         <load_address>0x52d5</load_address>
         <run_address>0x52d5</run_address>
         <size>0x2c</size>
         <input_file_ref idref="fl-2"/>
      </object_component>
      <object_component id="oc-d0">
         <name>.debug_info</name>
         <load_address>0x5301</load_address>
         <run_address>0x5301</run_address>
         <size>0x6d8</size>
         <input_file_ref idref="fl-3"/>
      </object_component>
      <object_component id="oc-cd">
         <name>.debug_info</name>
         <load_address>0x59d9</load_address>
         <run_address>0x59d9</run_address>
         <size>0xf1</size>
         <input_file_ref idref="fl-3"/>
      </object_component>
      <object_component id="oc-e0">
         <name>.debug_info</name>
         <load_address>0x5aca</load_address>
         <run_address>0x5aca</run_address>
         <size>0xcd</size>
         <input_file_ref idref="fl-3"/>
      </object_component>
      <object_component id="oc-e3">
         <name>.debug_info</name>
         <load_address>0x5b97</load_address>
         <run_address>0x5b97</run_address>
         <size>0xcd</size>
         <input_file_ref idref="fl-3"/>
      </object_component>
      <object_component id="oc-71">
         <name>.debug_info</name>
         <load_address>0x5c64</load_address>
         <run_address>0x5c64</run_address>
         <size>0x96c</size>
         <input_file_ref idref="fl-3"/>
      </object_component>
      <object_component id="oc-e6">
         <name>.debug_info</name>
         <load_address>0x65d0</load_address>
         <run_address>0x65d0</run_address>
         <size>0x37e2</size>
         <input_file_ref idref="fl-3"/>
      </object_component>
      <object_component id="oc-1dd">
         <name>.debug_info</name>
         <load_address>0x9db2</load_address>
         <run_address>0x9db2</run_address>
         <size>0x189</size>
         <input_file_ref idref="fl-3"/>
      </object_component>
      <object_component id="oc-190">
         <name>.debug_info</name>
         <load_address>0x9f3b</load_address>
         <run_address>0x9f3b</run_address>
         <size>0x35</size>
         <input_file_ref idref="fl-3"/>
      </object_component>
      <object_component id="oc-195">
         <name>.debug_info</name>
         <load_address>0x9f70</load_address>
         <run_address>0x9f70</run_address>
         <size>0xda</size>
         <input_file_ref idref="fl-3"/>
      </object_component>
      <object_component id="oc-b6">
         <name>.debug_info</name>
         <load_address>0xa04a</load_address>
         <run_address>0xa04a</run_address>
         <size>0x5a4</size>
         <input_file_ref idref="fl-4"/>
      </object_component>
      <object_component id="oc-6d">
         <name>.debug_info</name>
         <load_address>0xa5ee</load_address>
         <run_address>0xa5ee</run_address>
         <size>0x784</size>
         <input_file_ref idref="fl-4"/>
      </object_component>
      <object_component id="oc-f9">
         <name>.debug_info</name>
         <load_address>0xad72</load_address>
         <run_address>0xad72</run_address>
         <size>0x2c</size>
         <input_file_ref idref="fl-4"/>
      </object_component>
      <object_component id="oc-17a">
         <name>.debug_info</name>
         <load_address>0xad9e</load_address>
         <run_address>0xad9e</run_address>
         <size>0x8a</size>
         <input_file_ref idref="fl-4"/>
      </object_component>
      <object_component id="oc-1d0">
         <name>.debug_info</name>
         <load_address>0xae28</load_address>
         <run_address>0xae28</run_address>
         <size>0x5c5</size>
         <input_file_ref idref="fl-5"/>
      </object_component>
      <object_component id="oc-11c">
         <name>.debug_info</name>
         <load_address>0xb3ed</load_address>
         <run_address>0xb3ed</run_address>
         <size>0x2c1</size>
         <input_file_ref idref="fl-5"/>
      </object_component>
      <object_component id="oc-122">
         <name>.debug_info</name>
         <load_address>0xb6ae</load_address>
         <run_address>0xb6ae</run_address>
         <size>0x156</size>
         <input_file_ref idref="fl-6"/>
      </object_component>
      <object_component id="oc-10f">
         <name>.debug_info</name>
         <load_address>0xb804</load_address>
         <run_address>0xb804</run_address>
         <size>0x5bb</size>
         <input_file_ref idref="fl-7"/>
      </object_component>
      <object_component id="oc-130">
         <name>.debug_info</name>
         <load_address>0xbdbf</load_address>
         <run_address>0xbdbf</run_address>
         <size>0x8d1</size>
         <input_file_ref idref="fl-8"/>
      </object_component>
      <object_component id="oc-12d">
         <name>.debug_info</name>
         <load_address>0xc690</load_address>
         <run_address>0xc690</run_address>
         <size>0xc3</size>
         <input_file_ref idref="fl-8"/>
      </object_component>
      <object_component id="oc-9d">
         <name>.debug_info</name>
         <load_address>0xc753</load_address>
         <run_address>0xc753</run_address>
         <size>0x44b</size>
         <input_file_ref idref="fl-8"/>
      </object_component>
      <object_component id="oc-1d8">
         <name>.debug_info</name>
         <load_address>0xcb9e</load_address>
         <run_address>0xcb9e</run_address>
         <size>0x37e2</size>
         <input_file_ref idref="fl-8"/>
      </object_component>
      <object_component id="oc-1d3">
         <name>.debug_info</name>
         <load_address>0x10380</load_address>
         <run_address>0x10380</run_address>
         <size>0x545</size>
         <input_file_ref idref="fl-9"/>
      </object_component>
      <object_component id="oc-129">
         <name>.debug_info</name>
         <load_address>0x108c5</load_address>
         <run_address>0x108c5</run_address>
         <size>0x438</size>
         <input_file_ref idref="fl-9"/>
      </object_component>
      <object_component id="oc-116">
         <name>.debug_info</name>
         <load_address>0x10cfd</load_address>
         <run_address>0x10cfd</run_address>
         <size>0x220</size>
         <input_file_ref idref="fl-a"/>
      </object_component>
      <object_component id="oc-78">
         <name>.debug_info</name>
         <load_address>0x10f1d</load_address>
         <run_address>0x10f1d</run_address>
         <size>0x2c6</size>
         <input_file_ref idref="fl-b"/>
      </object_component>
      <object_component id="oc-24">
         <name>.debug_info</name>
         <load_address>0x111e3</load_address>
         <run_address>0x111e3</run_address>
         <size>0xf2</size>
         <input_file_ref idref="fl-b"/>
      </object_component>
      <object_component id="oc-67">
         <name>.debug_info</name>
         <load_address>0x112d5</load_address>
         <run_address>0x112d5</run_address>
         <size>0x1b9</size>
         <input_file_ref idref="fl-b"/>
      </object_component>
      <object_component id="oc-170">
         <name>.debug_info</name>
         <load_address>0x1148e</load_address>
         <run_address>0x1148e</run_address>
         <size>0xeb</size>
         <input_file_ref idref="fl-c"/>
      </object_component>
      <object_component id="oc-b0">
         <name>.debug_info</name>
         <load_address>0x11579</load_address>
         <run_address>0x11579</run_address>
         <size>0x25d</size>
         <input_file_ref idref="fl-c"/>
      </object_component>
      <object_component id="oc-1b2">
         <name>.debug_info</name>
         <load_address>0x117d6</load_address>
         <run_address>0x117d6</run_address>
         <size>0x334</size>
         <input_file_ref idref="fl-c6"/>
      </object_component>
      <object_component id="oc-d7">
         <name>.debug_info</name>
         <load_address>0x11b0a</load_address>
         <run_address>0x11b0a</run_address>
         <size>0x1d2</size>
         <input_file_ref idref="fl-c6"/>
      </object_component>
      <object_component id="oc-1a6">
         <name>.debug_info</name>
         <load_address>0x11cdc</load_address>
         <run_address>0x11cdc</run_address>
         <size>0x18e</size>
         <input_file_ref idref="fl-c6"/>
      </object_component>
      <object_component id="oc-1ae">
         <name>.debug_info</name>
         <load_address>0x11e6a</load_address>
         <run_address>0x11e6a</run_address>
         <size>0x16e</size>
         <input_file_ref idref="fl-c6"/>
      </object_component>
      <object_component id="oc-306">
         <name>.debug_info</name>
         <load_address>0x11fd8</load_address>
         <run_address>0x11fd8</run_address>
         <size>0x2c</size>
         <input_file_ref idref="fl-c6"/>
      </object_component>
      <object_component id="oc-93">
         <name>.debug_info</name>
         <load_address>0x12004</load_address>
         <run_address>0x12004</run_address>
         <size>0x148</size>
         <input_file_ref idref="fl-c7"/>
      </object_component>
      <object_component id="oc-37">
         <name>.debug_info</name>
         <load_address>0x1214c</load_address>
         <run_address>0x1214c</run_address>
         <size>0x11a</size>
         <input_file_ref idref="fl-c8"/>
      </object_component>
      <object_component id="oc-8f">
         <name>.debug_info</name>
         <load_address>0x12266</load_address>
         <run_address>0x12266</run_address>
         <size>0x2d5</size>
         <input_file_ref idref="fl-c9"/>
      </object_component>
      <object_component id="oc-42">
         <name>.debug_info</name>
         <load_address>0x1253b</load_address>
         <run_address>0x1253b</run_address>
         <size>0x1d3</size>
         <input_file_ref idref="fl-c9"/>
      </object_component>
      <object_component id="oc-8a">
         <name>.debug_info</name>
         <load_address>0x1270e</load_address>
         <run_address>0x1270e</run_address>
         <size>0x46</size>
         <input_file_ref idref="fl-c9"/>
      </object_component>
      <object_component id="oc-3f">
         <name>.debug_info</name>
         <load_address>0x12754</load_address>
         <run_address>0x12754</run_address>
         <size>0x2a9</size>
         <input_file_ref idref="fl-ca"/>
      </object_component>
      <object_component id="oc-1b">
         <name>.debug_info</name>
         <load_address>0x129fd</load_address>
         <run_address>0x129fd</run_address>
         <size>0x1eb</size>
         <input_file_ref idref="fl-ca"/>
      </object_component>
      <object_component id="oc-3a">
         <name>.debug_info</name>
         <load_address>0x12be8</load_address>
         <run_address>0x12be8</run_address>
         <size>0x46</size>
         <input_file_ref idref="fl-ca"/>
      </object_component>
      <object_component id="oc-82">
         <name>.debug_info</name>
         <load_address>0x12c2e</load_address>
         <run_address>0x12c2e</run_address>
         <size>0x2c</size>
         <input_file_ref idref="fl-ca"/>
      </object_component>
      <object_component id="oc-80">
         <name>.debug_info</name>
         <load_address>0x12c5a</load_address>
         <run_address>0x12c5a</run_address>
         <size>0x29f</size>
         <input_file_ref idref="fl-cb"/>
      </object_component>
      <object_component id="oc-15">
         <name>.debug_info</name>
         <load_address>0x12ef9</load_address>
         <run_address>0x12ef9</run_address>
         <size>0x251</size>
         <input_file_ref idref="fl-cb"/>
      </object_component>
      <object_component id="oc-2a">
         <name>.debug_info</name>
         <load_address>0x1314a</load_address>
         <run_address>0x1314a</run_address>
         <size>0x60</size>
         <input_file_ref idref="fl-cb"/>
      </object_component>
      <object_component id="oc-f2">
         <name>.debug_info</name>
         <load_address>0x131aa</load_address>
         <run_address>0x131aa</run_address>
         <size>0x46</size>
         <input_file_ref idref="fl-cb"/>
      </object_component>
      <object_component id="oc-7b">
         <name>.debug_info</name>
         <load_address>0x131f0</load_address>
         <run_address>0x131f0</run_address>
         <size>0x39</size>
         <input_file_ref idref="fl-cb"/>
      </object_component>
      <object_component id="oc-1cc">
         <name>.debug_info</name>
         <load_address>0x13229</load_address>
         <run_address>0x13229</run_address>
         <size>0x2bb</size>
         <input_file_ref idref="fl-cc"/>
      </object_component>
      <object_component id="oc-189">
         <name>.debug_info</name>
         <load_address>0x134e4</load_address>
         <run_address>0x134e4</run_address>
         <size>0xfc</size>
         <input_file_ref idref="fl-cc"/>
      </object_component>
      <object_component id="oc-109">
         <name>.debug_info</name>
         <load_address>0x135e0</load_address>
         <run_address>0x135e0</run_address>
         <size>0x15e</size>
         <input_file_ref idref="fl-cc"/>
      </object_component>
      <object_component id="oc-ca">
         <name>.debug_info</name>
         <load_address>0x1373e</load_address>
         <run_address>0x1373e</run_address>
         <size>0x13e</size>
         <input_file_ref idref="fl-cc"/>
      </object_component>
      <object_component id="oc-1b9">
         <name>.debug_info</name>
         <load_address>0x1387c</load_address>
         <run_address>0x1387c</run_address>
         <size>0x290</size>
         <input_file_ref idref="fl-cd"/>
      </object_component>
      <object_component id="oc-da">
         <name>.debug_info</name>
         <load_address>0x13b0c</load_address>
         <run_address>0x13b0c</run_address>
         <size>0x246</size>
         <input_file_ref idref="fl-cd"/>
      </object_component>
      <object_component id="oc-1ca">
         <name>.debug_info</name>
         <load_address>0x13d52</load_address>
         <run_address>0x13d52</run_address>
         <size>0x2a5</size>
         <input_file_ref idref="fl-ce"/>
      </object_component>
      <object_component id="oc-104">
         <name>.debug_info</name>
         <load_address>0x13ff7</load_address>
         <run_address>0x13ff7</run_address>
         <size>0x182</size>
         <input_file_ref idref="fl-ce"/>
      </object_component>
      <object_component id="oc-271">
         <name>.debug_info</name>
         <load_address>0x14179</load_address>
         <run_address>0x14179</run_address>
         <size>0x39</size>
         <input_file_ref idref="fl-ce"/>
      </object_component>
      <object_component id="oc-1c5">
         <name>.debug_info</name>
         <load_address>0x141b2</load_address>
         <run_address>0x141b2</run_address>
         <size>0x39</size>
         <input_file_ref idref="fl-ce"/>
      </object_component>
      <object_component id="oc-27">
         <name>.debug_info</name>
         <load_address>0x141eb</load_address>
         <run_address>0x141eb</run_address>
         <size>0x10c</size>
         <input_file_ref idref="fl-cf"/>
      </object_component>
      <object_component id="oc-56">
         <name>.debug_info</name>
         <load_address>0x142f7</load_address>
         <run_address>0x142f7</run_address>
         <size>0x1aa</size>
         <input_file_ref idref="fl-cf"/>
      </object_component>
      <object_component id="oc-24b">
         <name>.debug_info</name>
         <load_address>0x144a1</load_address>
         <run_address>0x144a1</run_address>
         <size>0x57c</size>
         <input_file_ref idref="fl-d0"/>
      </object_component>
      <object_component id="oc-219">
         <name>.debug_info</name>
         <load_address>0x14a1d</load_address>
         <run_address>0x14a1d</run_address>
         <size>0x21f</size>
         <input_file_ref idref="fl-d0"/>
      </object_component>
      <object_component id="oc-2cc">
         <name>.debug_info</name>
         <load_address>0x14c3c</load_address>
         <run_address>0x14c3c</run_address>
         <size>0x1b4</size>
         <input_file_ref idref="fl-d0"/>
      </object_component>
      <object_component id="oc-2d2">
         <name>.debug_info</name>
         <load_address>0x14df0</load_address>
         <run_address>0x14df0</run_address>
         <size>0x21c</size>
         <input_file_ref idref="fl-d0"/>
      </object_component>
      <object_component id="oc-224">
         <name>.debug_info</name>
         <load_address>0x1500c</load_address>
         <run_address>0x1500c</run_address>
         <size>0x3bc</size>
         <input_file_ref idref="fl-d0"/>
      </object_component>
      <object_component id="oc-2d9">
         <name>.debug_info</name>
         <load_address>0x153c8</load_address>
         <run_address>0x153c8</run_address>
         <size>0x306</size>
         <input_file_ref idref="fl-d0"/>
      </object_component>
      <object_component id="oc-2df">
         <name>.debug_info</name>
         <load_address>0x156ce</load_address>
         <run_address>0x156ce</run_address>
         <size>0x216</size>
         <input_file_ref idref="fl-d0"/>
      </object_component>
      <object_component id="oc-22a">
         <name>.debug_info</name>
         <load_address>0x158e4</load_address>
         <run_address>0x158e4</run_address>
         <size>0x216</size>
         <input_file_ref idref="fl-d0"/>
      </object_component>
      <object_component id="oc-230">
         <name>.debug_info</name>
         <load_address>0x15afa</load_address>
         <run_address>0x15afa</run_address>
         <size>0x305</size>
         <input_file_ref idref="fl-d0"/>
      </object_component>
      <object_component id="oc-236">
         <name>.debug_info</name>
         <load_address>0x15dff</load_address>
         <run_address>0x15dff</run_address>
         <size>0x4b1</size>
         <input_file_ref idref="fl-d0"/>
      </object_component>
      <object_component id="oc-1a3">
         <name>.debug_info</name>
         <load_address>0x162b0</load_address>
         <run_address>0x162b0</run_address>
         <size>0x5f5</size>
         <input_file_ref idref="fl-d0"/>
      </object_component>
      <object_component id="oc-24c">
         <name>.debug_info</name>
         <load_address>0x168a5</load_address>
         <run_address>0x168a5</run_address>
         <size>0x86</size>
         <input_file_ref idref="fl-d0"/>
      </object_component>
      <object_component id="oc-30b">
         <name>.debug_info</name>
         <load_address>0x1692b</load_address>
         <run_address>0x1692b</run_address>
         <size>0x39</size>
         <input_file_ref idref="fl-d0"/>
      </object_component>
      <object_component id="oc-363">
         <name>.debug_info</name>
         <load_address>0x16964</load_address>
         <run_address>0x16964</run_address>
         <size>0xb6</size>
         <input_file_ref idref="fl-d0"/>
      </object_component>
      <object_component id="oc-310">
         <name>.debug_info</name>
         <load_address>0x16a1a</load_address>
         <run_address>0x16a1a</run_address>
         <size>0x46</size>
         <input_file_ref idref="fl-d0"/>
      </object_component>
      <object_component id="oc-251">
         <name>.debug_info</name>
         <load_address>0x16a60</load_address>
         <run_address>0x16a60</run_address>
         <size>0x46</size>
         <input_file_ref idref="fl-d0"/>
      </object_component>
      <object_component id="oc-346">
         <name>.debug_info</name>
         <load_address>0x16aa6</load_address>
         <run_address>0x16aa6</run_address>
         <size>0x29b</size>
         <input_file_ref idref="fl-d1"/>
      </object_component>
      <object_component id="oc-2e4">
         <name>.debug_info</name>
         <load_address>0x16d41</load_address>
         <run_address>0x16d41</run_address>
         <size>0x196</size>
         <input_file_ref idref="fl-d1"/>
      </object_component>
      <object_component id="oc-373">
         <name>.debug_info</name>
         <load_address>0x16ed7</load_address>
         <run_address>0x16ed7</run_address>
         <size>0x39</size>
         <input_file_ref idref="fl-d1"/>
      </object_component>
      <object_component id="oc-347">
         <name>.debug_info</name>
         <load_address>0x16f10</load_address>
         <run_address>0x16f10</run_address>
         <size>0x2c</size>
         <input_file_ref idref="fl-d1"/>
      </object_component>
      <object_component id="oc-353">
         <name>.debug_info</name>
         <load_address>0x16f3c</load_address>
         <run_address>0x16f3c</run_address>
         <size>0x2fe</size>
         <input_file_ref idref="fl-d2"/>
      </object_component>
      <object_component id="oc-2ea">
         <name>.debug_info</name>
         <load_address>0x1723a</load_address>
         <run_address>0x1723a</run_address>
         <size>0x226</size>
         <input_file_ref idref="fl-d2"/>
      </object_component>
      <object_component id="oc-29f">
         <name>.debug_info</name>
         <load_address>0x17460</load_address>
         <run_address>0x17460</run_address>
         <size>0x135</size>
         <input_file_ref idref="fl-d3"/>
      </object_component>
      <object_component id="oc-2c5">
         <name>.debug_info</name>
         <load_address>0x17595</load_address>
         <run_address>0x17595</run_address>
         <size>0x14d</size>
         <input_file_ref idref="fl-d4"/>
      </object_component>
      <object_component id="oc-21e">
         <name>.debug_info</name>
         <load_address>0x176e2</load_address>
         <run_address>0x176e2</run_address>
         <size>0x129</size>
         <input_file_ref idref="fl-d5"/>
      </object_component>
      <object_component id="oc-2b0">
         <name>.debug_info</name>
         <load_address>0x1780b</load_address>
         <run_address>0x1780b</run_address>
         <size>0x12b</size>
         <input_file_ref idref="fl-d5"/>
      </object_component>
      <object_component id="oc-2aa">
         <name>.debug_info</name>
         <load_address>0x17936</load_address>
         <run_address>0x17936</run_address>
         <size>0x13b</size>
         <input_file_ref idref="fl-d6"/>
      </object_component>
      <object_component id="oc-2a7">
         <name>.debug_info</name>
         <load_address>0x17a71</load_address>
         <run_address>0x17a71</run_address>
         <size>0x13b</size>
         <input_file_ref idref="fl-d7"/>
      </object_component>
      <object_component id="oc-2b5">
         <name>.debug_info</name>
         <load_address>0x17bac</load_address>
         <run_address>0x17bac</run_address>
         <size>0x12f</size>
         <input_file_ref idref="fl-d8"/>
      </object_component>
      <object_component id="oc-2c1">
         <name>.debug_info</name>
         <load_address>0x17cdb</load_address>
         <run_address>0x17cdb</run_address>
         <size>0x12d</size>
         <input_file_ref idref="fl-d9"/>
      </object_component>
      <object_component id="oc-1ea">
         <name>.debug_info</name>
         <load_address>0x17e08</load_address>
         <run_address>0x17e08</run_address>
         <size>0x4b4</size>
         <input_file_ref idref="fl-da"/>
      </object_component>
      <object_component id="oc-13e">
         <name>.debug_info</name>
         <load_address>0x182bc</load_address>
         <run_address>0x182bc</run_address>
         <size>0x1a7</size>
         <input_file_ref idref="fl-da"/>
      </object_component>
      <object_component id="oc-284">
         <name>.debug_info</name>
         <load_address>0x18463</load_address>
         <run_address>0x18463</run_address>
         <size>0x39</size>
         <input_file_ref idref="fl-da"/>
      </object_component>
      <object_component id="oc-322">
         <name>.debug_info</name>
         <load_address>0x1849c</load_address>
         <run_address>0x1849c</run_address>
         <size>0x39</size>
         <input_file_ref idref="fl-da"/>
      </object_component>
      <object_component id="oc-289">
         <name>.debug_info</name>
         <load_address>0x184d5</load_address>
         <run_address>0x184d5</run_address>
         <size>0x39</size>
         <input_file_ref idref="fl-da"/>
      </object_component>
      <object_component id="oc-28e">
         <name>.debug_info</name>
         <load_address>0x1850e</load_address>
         <run_address>0x1850e</run_address>
         <size>0xcd</size>
         <input_file_ref idref="fl-da"/>
      </object_component>
      <object_component id="oc-98">
         <name>.debug_info</name>
         <load_address>0x185db</load_address>
         <run_address>0x185db</run_address>
         <size>0x154</size>
         <input_file_ref idref="fl-db"/>
      </object_component>
      <object_component id="oc-135">
         <name>.debug_info</name>
         <load_address>0x1872f</load_address>
         <run_address>0x1872f</run_address>
         <size>0x123</size>
         <input_file_ref idref="fl-dd"/>
      </object_component>
      <object_component id="oc-20b">
         <name>.debug_info</name>
         <load_address>0x18852</load_address>
         <run_address>0x18852</run_address>
         <size>0x2ca</size>
         <input_file_ref idref="fl-de"/>
      </object_component>
      <object_component id="oc-186">
         <name>.debug_info</name>
         <load_address>0x18b1c</load_address>
         <run_address>0x18b1c</run_address>
         <size>0x11f</size>
         <input_file_ref idref="fl-de"/>
      </object_component>
      <object_component id="oc-207">
         <name>.debug_info</name>
         <load_address>0x18c3b</load_address>
         <run_address>0x18c3b</run_address>
         <size>0x12f</size>
         <input_file_ref idref="fl-de"/>
      </object_component>
      <object_component id="oc-29c">
         <name>.debug_info</name>
         <load_address>0x18d6a</load_address>
         <run_address>0x18d6a</run_address>
         <size>0x2ba</size>
         <input_file_ref idref="fl-e0"/>
      </object_component>
      <object_component id="oc-213">
         <name>.debug_info</name>
         <load_address>0x19024</load_address>
         <run_address>0x19024</run_address>
         <size>0x17d</size>
         <input_file_ref idref="fl-e0"/>
      </object_component>
      <object_component id="oc-330">
         <name>.debug_info</name>
         <load_address>0x191a1</load_address>
         <run_address>0x191a1</run_address>
         <size>0xfa</size>
         <input_file_ref idref="fl-e1"/>
      </object_component>
      <object_component id="oc-299">
         <name>.debug_info</name>
         <load_address>0x1929b</load_address>
         <run_address>0x1929b</run_address>
         <size>0x106</size>
         <input_file_ref idref="fl-e1"/>
      </object_component>
      <object_component id="oc-33e">
         <name>.debug_info</name>
         <load_address>0x193a1</load_address>
         <run_address>0x193a1</run_address>
         <size>0x29c</size>
         <input_file_ref idref="fl-e2"/>
      </object_component>
      <object_component id="oc-2b9">
         <name>.debug_info</name>
         <load_address>0x1963d</load_address>
         <run_address>0x1963d</run_address>
         <size>0x1ce</size>
         <input_file_ref idref="fl-e2"/>
      </object_component>
      <object_component id="oc-2f7">
         <name>.debug_info</name>
         <load_address>0x1980b</load_address>
         <run_address>0x1980b</run_address>
         <size>0x297</size>
         <input_file_ref idref="fl-e3"/>
      </object_component>
      <object_component id="oc-239">
         <name>.debug_info</name>
         <load_address>0x19aa2</load_address>
         <run_address>0x19aa2</run_address>
         <size>0x1b7</size>
         <input_file_ref idref="fl-e3"/>
      </object_component>
      <object_component id="oc-355">
         <name>.debug_info</name>
         <load_address>0x19c59</load_address>
         <run_address>0x19c59</run_address>
         <size>0x29b</size>
         <input_file_ref idref="fl-e4"/>
      </object_component>
      <object_component id="oc-2f2">
         <name>.debug_info</name>
         <load_address>0x19ef4</load_address>
         <run_address>0x19ef4</run_address>
         <size>0x263</size>
         <input_file_ref idref="fl-e4"/>
      </object_component>
      <object_component id="oc-1c0">
         <name>.debug_info</name>
         <load_address>0x1a157</load_address>
         <run_address>0x1a157</run_address>
         <size>0x18e</size>
         <input_file_ref idref="fl-e5"/>
      </object_component>
      <object_component id="oc-31d">
         <name>.debug_info</name>
         <load_address>0x1a2e5</load_address>
         <run_address>0x1a2e5</run_address>
         <size>0x46</size>
         <input_file_ref idref="fl-e5"/>
      </object_component>
      <object_component id="oc-26c">
         <name>.debug_info</name>
         <load_address>0x1a32b</load_address>
         <run_address>0x1a32b</run_address>
         <size>0x39</size>
         <input_file_ref idref="fl-e5"/>
      </object_component>
      <object_component id="oc-319">
         <name>.debug_info</name>
         <load_address>0x1a364</load_address>
         <run_address>0x1a364</run_address>
         <size>0x2bc</size>
         <input_file_ref idref="fl-e6"/>
      </object_component>
      <object_component id="oc-316">
         <name>.debug_info</name>
         <load_address>0x1a620</load_address>
         <run_address>0x1a620</run_address>
         <size>0x109</size>
         <input_file_ref idref="fl-e6"/>
      </object_component>
      <object_component id="oc-25d">
         <name>.debug_info</name>
         <load_address>0x1a729</load_address>
         <run_address>0x1a729</run_address>
         <size>0x1e0</size>
         <input_file_ref idref="fl-e6"/>
      </object_component>
      <object_component id="oc-263">
         <name>.debug_info</name>
         <load_address>0x1a909</load_address>
         <run_address>0x1a909</run_address>
         <size>0x19b</size>
         <input_file_ref idref="fl-e6"/>
      </object_component>
      <object_component id="oc-303">
         <name>.debug_info</name>
         <load_address>0x1aaa4</load_address>
         <run_address>0x1aaa4</run_address>
         <size>0x28a</size>
         <input_file_ref idref="fl-e7"/>
      </object_component>
      <object_component id="oc-300">
         <name>.debug_info</name>
         <load_address>0x1ad2e</load_address>
         <run_address>0x1ad2e</run_address>
         <size>0x10f</size>
         <input_file_ref idref="fl-e7"/>
      </object_component>
      <object_component id="oc-246">
         <name>.debug_info</name>
         <load_address>0x1ae3d</load_address>
         <run_address>0x1ae3d</run_address>
         <size>0x14f</size>
         <input_file_ref idref="fl-e7"/>
      </object_component>
      <object_component id="oc-2fe">
         <name>.debug_info</name>
         <load_address>0x1af8c</load_address>
         <run_address>0x1af8c</run_address>
         <size>0x290</size>
         <input_file_ref idref="fl-e8"/>
      </object_component>
      <object_component id="oc-23f">
         <name>.debug_info</name>
         <load_address>0x1b21c</load_address>
         <run_address>0x1b21c</run_address>
         <size>0x15b</size>
         <input_file_ref idref="fl-e8"/>
      </object_component>
      <object_component id="oc-358">
         <name>.debug_info</name>
         <load_address>0x1b377</load_address>
         <run_address>0x1b377</run_address>
         <size>0x46</size>
         <input_file_ref idref="fl-e8"/>
      </object_component>
      <object_component id="oc-2f9">
         <name>.debug_info</name>
         <load_address>0x1b3bd</load_address>
         <run_address>0x1b3bd</run_address>
         <size>0x39</size>
         <input_file_ref idref="fl-e8"/>
      </object_component>
      <object_component id="oc-34d">
         <name>.debug_info</name>
         <load_address>0x1b3f6</load_address>
         <run_address>0x1b3f6</run_address>
         <size>0x162</size>
         <input_file_ref idref="fl-e9"/>
      </object_component>
      <object_component id="oc-335">
         <name>.debug_info</name>
         <load_address>0x1b558</load_address>
         <run_address>0x1b558</run_address>
         <size>0x116</size>
         <input_file_ref idref="fl-ea"/>
      </object_component>
      <object_component id="oc-269">
         <name>.debug_info</name>
         <load_address>0x1b66e</load_address>
         <run_address>0x1b66e</run_address>
         <size>0x3a4</size>
         <input_file_ref idref="fl-eb"/>
      </object_component>
      <object_component id="oc-3af">
         <name>.debug_info</name>
         <load_address>0x1ba12</load_address>
         <run_address>0x1ba12</run_address>
         <size>0x9e</size>
      </object_component>
      <object_component id="oc-202">
         <name>.debug_line</name>
         <load_address>0x0</load_address>
         <run_address>0x0</run_address>
         <size>0x20</size>
         <input_file_ref idref="fl-2"/>
      </object_component>
      <object_component id="oc-f0">
         <name>.debug_line</name>
         <load_address>0x20</load_address>
         <run_address>0x20</run_address>
         <size>0x6f</size>
         <input_file_ref idref="fl-2"/>
      </object_component>
      <object_component id="oc-178">
         <name>.debug_line</name>
         <load_address>0x8f</load_address>
         <run_address>0x8f</run_address>
         <size>0x5a</size>
         <input_file_ref idref="fl-2"/>
      </object_component>
      <object_component id="oc-c4">
         <name>.debug_line</name>
         <load_address>0xe9</load_address>
         <run_address>0xe9</run_address>
         <size>0x57</size>
         <input_file_ref idref="fl-2"/>
      </object_component>
      <object_component id="oc-32">
         <name>.debug_line</name>
         <load_address>0x140</load_address>
         <run_address>0x140</run_address>
         <size>0x20</size>
         <input_file_ref idref="fl-2"/>
      </object_component>
      <object_component id="oc-182">
         <name>.debug_line</name>
         <load_address>0x160</load_address>
         <run_address>0x160</run_address>
         <size>0x73</size>
         <input_file_ref idref="fl-2"/>
      </object_component>
      <object_component id="oc-bf">
         <name>.debug_line</name>
         <load_address>0x1d3</load_address>
         <run_address>0x1d3</run_address>
         <size>0x70</size>
         <input_file_ref idref="fl-2"/>
      </object_component>
      <object_component id="oc-19d">
         <name>.debug_line</name>
         <load_address>0x243</load_address>
         <run_address>0x243</run_address>
         <size>0x6a</size>
         <input_file_ref idref="fl-2"/>
      </object_component>
      <object_component id="oc-1b6">
         <name>.debug_line</name>
         <load_address>0x2ad</load_address>
         <run_address>0x2ad</run_address>
         <size>0x6b</size>
         <input_file_ref idref="fl-2"/>
      </object_component>
      <object_component id="oc-18f">
         <name>.debug_line</name>
         <load_address>0x318</load_address>
         <run_address>0x318</run_address>
         <size>0x11b</size>
         <input_file_ref idref="fl-3"/>
      </object_component>
      <object_component id="oc-18d">
         <name>.debug_line</name>
         <load_address>0x433</load_address>
         <run_address>0x433</run_address>
         <size>0x2e</size>
         <input_file_ref idref="fl-3"/>
      </object_component>
      <object_component id="oc-1bb">
         <name>.debug_line</name>
         <load_address>0x461</load_address>
         <run_address>0x461</run_address>
         <size>0x2e</size>
         <input_file_ref idref="fl-3"/>
      </object_component>
      <object_component id="oc-1bd">
         <name>.debug_line</name>
         <load_address>0x48f</load_address>
         <run_address>0x48f</run_address>
         <size>0x2e</size>
         <input_file_ref idref="fl-3"/>
      </object_component>
      <object_component id="oc-75">
         <name>.debug_line</name>
         <load_address>0x4bd</load_address>
         <run_address>0x4bd</run_address>
         <size>0x470</size>
         <input_file_ref idref="fl-3"/>
      </object_component>
      <object_component id="oc-e9">
         <name>.debug_line</name>
         <load_address>0x92d</load_address>
         <run_address>0x92d</run_address>
         <size>0x57</size>
         <input_file_ref idref="fl-3"/>
      </object_component>
      <object_component id="oc-1e0">
         <name>.debug_line</name>
         <load_address>0x984</load_address>
         <run_address>0x984</run_address>
         <size>0x69</size>
         <input_file_ref idref="fl-3"/>
      </object_component>
      <object_component id="oc-193">
         <name>.debug_line</name>
         <load_address>0x9ed</load_address>
         <run_address>0x9ed</run_address>
         <size>0x72</size>
         <input_file_ref idref="fl-3"/>
      </object_component>
      <object_component id="oc-198">
         <name>.debug_line</name>
         <load_address>0xa5f</load_address>
         <run_address>0xa5f</run_address>
         <size>0x2e</size>
         <input_file_ref idref="fl-3"/>
      </object_component>
      <object_component id="oc-174">
         <name>.debug_line</name>
         <load_address>0xa8d</load_address>
         <run_address>0xa8d</run_address>
         <size>0x2d</size>
         <input_file_ref idref="fl-4"/>
      </object_component>
      <object_component id="oc-6b">
         <name>.debug_line</name>
         <load_address>0xaba</load_address>
         <run_address>0xaba</run_address>
         <size>0x1ea</size>
         <input_file_ref idref="fl-4"/>
      </object_component>
      <object_component id="oc-fc">
         <name>.debug_line</name>
         <load_address>0xca4</load_address>
         <run_address>0xca4</run_address>
         <size>0x6b</size>
         <input_file_ref idref="fl-4"/>
      </object_component>
      <object_component id="oc-17d">
         <name>.debug_line</name>
         <load_address>0xd0f</load_address>
         <run_address>0xd0f</run_address>
         <size>0x2d</size>
         <input_file_ref idref="fl-4"/>
      </object_component>
      <object_component id="oc-27b">
         <name>.debug_line</name>
         <load_address>0xd3c</load_address>
         <run_address>0xd3c</run_address>
         <size>0x39</size>
         <input_file_ref idref="fl-5"/>
      </object_component>
      <object_component id="oc-11f">
         <name>.debug_line</name>
         <load_address>0xd75</load_address>
         <run_address>0xd75</run_address>
         <size>0x86</size>
         <input_file_ref idref="fl-5"/>
      </object_component>
      <object_component id="oc-121">
         <name>.debug_line</name>
         <load_address>0xdfb</load_address>
         <run_address>0xdfb</run_address>
         <size>0x5b</size>
         <input_file_ref idref="fl-6"/>
      </object_component>
      <object_component id="oc-112">
         <name>.debug_line</name>
         <load_address>0xe56</load_address>
         <run_address>0xe56</run_address>
         <size>0x151</size>
         <input_file_ref idref="fl-7"/>
      </object_component>
      <object_component id="oc-1d7">
         <name>.debug_line</name>
         <load_address>0xfa7</load_address>
         <run_address>0xfa7</run_address>
         <size>0x117</size>
         <input_file_ref idref="fl-8"/>
      </object_component>
      <object_component id="oc-1d5">
         <name>.debug_line</name>
         <load_address>0x10be</load_address>
         <run_address>0x10be</run_address>
         <size>0x2d</size>
         <input_file_ref idref="fl-8"/>
      </object_component>
      <object_component id="oc-a0">
         <name>.debug_line</name>
         <load_address>0x10eb</load_address>
         <run_address>0x10eb</run_address>
         <size>0x17a</size>
         <input_file_ref idref="fl-8"/>
      </object_component>
      <object_component id="oc-1db">
         <name>.debug_line</name>
         <load_address>0x1265</load_address>
         <run_address>0x1265</run_address>
         <size>0x57</size>
         <input_file_ref idref="fl-8"/>
      </object_component>
      <object_component id="oc-27d">
         <name>.debug_line</name>
         <load_address>0x12bc</load_address>
         <run_address>0x12bc</run_address>
         <size>0x20</size>
         <input_file_ref idref="fl-9"/>
      </object_component>
      <object_component id="oc-127">
         <name>.debug_line</name>
         <load_address>0x12dc</load_address>
         <run_address>0x12dc</run_address>
         <size>0x77b</size>
         <input_file_ref idref="fl-9"/>
      </object_component>
      <object_component id="oc-115">
         <name>.debug_line</name>
         <load_address>0x1a57</load_address>
         <run_address>0x1a57</run_address>
         <size>0x98</size>
         <input_file_ref idref="fl-a"/>
      </object_component>
      <object_component id="oc-ec">
         <name>.debug_line</name>
         <load_address>0x1aef</load_address>
         <run_address>0x1aef</run_address>
         <size>0x40</size>
         <input_file_ref idref="fl-b"/>
      </object_component>
      <object_component id="oc-77">
         <name>.debug_line</name>
         <load_address>0x1b2f</load_address>
         <run_address>0x1b2f</run_address>
         <size>0x40</size>
         <input_file_ref idref="fl-b"/>
      </object_component>
      <object_component id="oc-66">
         <name>.debug_line</name>
         <load_address>0x1b6f</load_address>
         <run_address>0x1b6f</run_address>
         <size>0x71</size>
         <input_file_ref idref="fl-b"/>
      </object_component>
      <object_component id="oc-200">
         <name>.debug_line</name>
         <load_address>0x1be0</load_address>
         <run_address>0x1be0</run_address>
         <size>0x3b</size>
         <input_file_ref idref="fl-c"/>
      </object_component>
      <object_component id="oc-af">
         <name>.debug_line</name>
         <load_address>0x1c1b</load_address>
         <run_address>0x1c1b</run_address>
         <size>0x159</size>
         <input_file_ref idref="fl-c"/>
      </object_component>
      <object_component id="oc-259">
         <name>.debug_line</name>
         <load_address>0x1d74</load_address>
         <run_address>0x1d74</run_address>
         <size>0x2d</size>
         <input_file_ref idref="fl-c6"/>
      </object_component>
      <object_component id="oc-d6">
         <name>.debug_line</name>
         <load_address>0x1da1</load_address>
         <run_address>0x1da1</run_address>
         <size>0x4b</size>
[...]
         <value>0x3101</value>
         <object_component_ref idref="oc-10e"/>
      </symbol>
      <symbol id="sm-1a8">
         <name>set_as_receiver</name>
         <value>0x3233</value>
         <object_component_ref idref="oc-10e"/>
      </symbol>
      <symbol id="sm-1ee">
         <name>error</name>
         <value>0x2821</value>
         <object_component_ref idref="oc-9c"/>
      </symbol>
      <symbol id="sm-1ef">
         <name>main</name>
         <value>0x2853</value>
         <object_component_ref idref="oc-9c"/>
      </symbol>
      <symbol id="sm-1f0">
         <name>fp</name>
         <value>0x20000200</value>
         <object_component_ref idref="oc-12c"/>
      </symbol>
      <symbol id="sm-24f">
         <name>reset_matrix</name>
         <value>0xe5</value>
         <object_component_ref idref="oc-126"/>
      </symbol>
      <symbol id="sm-250">
         <name>config_matrix_led</name>
         <value>0x6ff</value>
         <object_component_ref idref="oc-126"/>
      </symbol>
      <symbol id="sm-251">
         <name>read</name>
         <value>0x4c1</value>
         <object_component_ref idref="oc-126"/>
      </symbol>
      <symbol id="sm-252">
         <name>start_screen_matrix</name>
         <value>0x795</value>
         <object_component_ref idref="oc-126"/>
      </symbol>
      <symbol id="sm-253">
         <name>game_over_matrix</name>
         <value>0x9f1</value>
         <object_component_ref idref="oc-126"/>
      </symbol>
      <symbol id="sm-254">
         <name>test</name>
         <value>0xd73</value>
         <object_component_ref idref="oc-126"/>
      </symbol>
      <symbol id="sm-255">
         <name>address</name>
         <value>0x129</value>
         <object_component_ref idref="oc-126"/>
      </symbol>
      <symbol id="sm-269">
         <name>stop_pwm</name>
         <value>0x3a67</value>
         <object_component_ref idref="oc-114"/>
      </symbol>
      <symbol id="sm-26a">
         <name>config_pwm_timer</name>
         <value>0x3a09</value>
         <object_component_ref idref="oc-114"/>
      </symbol>
      <symbol id="sm-26b">
         <name>start_pwm</name>
         <value>0x3a29</value>
         <object_component_ref idref="oc-114"/>
      </symbol>
      <symbol id="sm-26c">
         <name>config_pwm_gpio</name>
         <value>0x3a73</value>
         <object_component_ref idref="oc-114"/>
      </symbol>
      <symbol id="sm-281">
         <name>Reset_Handler</name>
         <value>0x4353</value>
         <object_component_ref idref="oc-64"/>
      </symbol>
      <symbol id="sm-282">
         <name>Default_Handler</name>
         <value>0x435f</value>
         <object_component_ref idref="oc-64"/>
      </symbol>
      <symbol id="sm-283">
         <name>interruptVectors</name>
         <value>0x0</value>
         <object_component_ref idref="oc-23"/>
      </symbol>
      <symbol id="sm-2cb">
         <name>SystemInit</name>
         <value>0x2765</value>
         <object_component_ref idref="oc-ae"/>
      </symbol>
      <symbol id="sm-2cc">
         <name>SystemCoreClockUpdate</name>
         <value>0x24ed</value>
         <object_component_ref idref="oc-ae"/>
      </symbol>
      <symbol id="sm-2cd">
         <name>SystemCoreClock</name>
         <value>0x2000020c</value>
         <object_component_ref idref="oc-16f"/>
      </symbol>
      <symbol id="sm-2f4">
         <name>sprintf</name>
         <value>0x40bd</value>
         <object_component_ref idref="oc-d3"/>
      </symbol>
      <symbol id="sm-303">
         <name>__aeabi_memset</name>
         <value>0x3ced</value>
         <object_component_ref idref="oc-90"/>
      </symbol>
      <symbol id="sm-304">
         <name>memset</name>
         <value>0x3cf3</value>
         <object_component_ref idref="oc-90"/>
      </symbol>
      <symbol id="sm-305">
         <name>__aeabi_memset8</name>
         <value>0x3ced</value>
         <object_component_ref idref="oc-90"/>
      </symbol>
      <symbol id="sm-306">
         <name>__aeabi_memset4</name>
         <value>0x3ced</value>
         <object_component_ref idref="oc-90"/>
      </symbol>
      <symbol id="sm-307">
         <name>__aeabi_memclr8</name>
         <value>0x3ceb</value>
         <object_component_ref idref="oc-90"/>
      </symbol>
      <symbol id="sm-308">
         <name>__aeabi_memclr4</name>
         <value>0x3ceb</value>
         <object_component_ref idref="oc-90"/>
      </symbol>
      <symbol id="sm-309">
         <name>__aeabi_memclr</name>
         <value>0x3ceb</value>
         <object_component_ref idref="oc-90"/>
      </symbol>
      <symbol id="sm-324">
         <name>memcpy</name>
         <value>0x3aad</value>
         <object_component_ref idref="oc-34"/>
      </symbol>
      <symbol id="sm-325">
         <name>__aeabi_memcpy</name>
         <value>0x3aad</value>
         <object_component_ref idref="oc-34"/>
      </symbol>
      <symbol id="sm-326">
         <name>__aeabi_memcpy8</name>
         <value>0x3aad</value>
         <object_component_ref idref="oc-34"/>
      </symbol>
      <symbol id="sm-327">
         <name>__aeabi_memcpy4</name>
         <value>0x3aad</value>
         <object_component_ref idref="oc-34"/>
      </symbol>
      <symbol id="sm-33b">
         <name>__TI_zero_init_nomemset</name>
         <value>0x4291</value>
         <object_component_ref idref="oc-40"/>
      </symbol>
      <symbol id="sm-352">
         <name>__TI_decompress_none</name>
         <value>0x4345</value>
         <object_component_ref idref="oc-1a"/>
      </symbol>
      <symbol id="sm-375">
         <name>__TI_decompress_lzss</name>
         <value>0x3dd3</value>
         <object_component_ref idref="oc-14"/>
      </symbol>
      <symbol id="sm-39a">
         <name>rand</name>
         <value>0x41dd</value>
         <object_component_ref idref="oc-c6"/>
      </symbol>
      <symbol id="sm-39b">
         <name>srand</name>
         <value>0x426d</value>
         <object_component_ref idref="oc-108"/>
      </symbol>
      <symbol id="sm-3a9">
         <name>strlen</name>
         <value>0x4311</value>
         <object_component_ref idref="oc-d9"/>
      </symbol>
      <symbol id="sm-3c1">
         <name>__time32</name>
         <value>0x4337</value>
         <object_component_ref idref="oc-102"/>
      </symbol>
      <symbol id="sm-3c2">
         <name>time</name>
         <value>0x4337</value>
         <object_component_ref idref="oc-102"/>
      </symbol>
      <symbol id="sm-3d5">
         <name>__stack</name>
         <value>0x2000fe00</value>
         <object_component_ref idref="oc-26"/>
      </symbol>
      <symbol id="sm-3d6">
         <name>_c_int00_noargs</name>
         <value>0x41a9</value>
         <object_component_ref idref="oc-52"/>
      </symbol>
      <symbol id="sm-53b">
         <name>__TI_printfi</name>
         <value>0xec1</value>
         <object_component_ref idref="oc-19f"/>
      </symbol>
      <symbol id="sm-55b">
         <name>frexpl</name>
         <value>0x3e3d</value>
         <object_component_ref idref="oc-2e3"/>
      </symbol>
      <symbol id="sm-55c">
         <name>frexp</name>
         <value>0x3e3d</value>
         <object_component_ref idref="oc-2e3"/>
      </symbol>
      <symbol id="sm-579">
         <name>scalbn</name>
         <value>0x3749</value>
         <object_component_ref idref="oc-2e9"/>
      </symbol>
      <symbol id="sm-57a">
         <name>scalbnl</name>
         <value>0x3749</value>
         <object_component_ref idref="oc-2e9"/>
      </symbol>
      <symbol id="sm-57b">
         <name>ldexpl</name>
         <value>0x3749</value>
         <object_component_ref idref="oc-2e9"/>
      </symbol>
      <symbol id="sm-57c">
         <name>ldexp</name>
         <value>0x3749</value>
         <object_component_ref idref="oc-2e9"/>
      </symbol>
      <symbol id="sm-589">
         <name>__aeabi_uldivmod</name>
         <value>0x3b49</value>
         <object_component_ref idref="oc-29d"/>
      </symbol>
      <symbol id="sm-5a0">
         <name>__aeabi_dsub</name>
         <value>0x2f49</value>
         <object_component_ref idref="oc-2c3"/>
      </symbol>
      <symbol id="sm-5a1">
         <name>__aeabi_dadd</name>
         <value>0x2f53</value>
         <object_component_ref idref="oc-2c3"/>
      </symbol>
      <symbol id="sm-5c3">
         <name>__aeabi_cdcmpeq</name>
         <value>0x3bdf</value>
         <object_component_ref idref="oc-21b"/>
      </symbol>
      <symbol id="sm-5c4">
         <name>__aeabi_cdcmple</name>
         <value>0x3bdf</value>
         <object_component_ref idref="oc-21b"/>
      </symbol>
      <symbol id="sm-5c5">
         <name>__aeabi_cdrcmple</name>
         <value>0x3c65</value>
         <object_component_ref idref="oc-2ae"/>
      </symbol>
      <symbol id="sm-5d9">
         <name>__aeabi_ddiv</name>
         <value>0x33cd</value>
         <object_component_ref idref="oc-2a9"/>
      </symbol>
      <symbol id="sm-5e4">
         <name>__aeabi_dmul</name>
         <value>0x3859</value>
         <object_component_ref idref="oc-2a4"/>
      </symbol>
      <symbol id="sm-5ee">
         <name>__aeabi_d2iz</name>
         <value>0x4031</value>
         <object_component_ref idref="oc-2b3"/>
      </symbol>
      <symbol id="sm-5f8">
         <name>__aeabi_i2d</name>
         <value>0x4211</value>
         <object_component_ref idref="oc-2be"/>
      </symbol>
      <symbol id="sm-620">
         <name>__TI_auto_init_nobinit_nopinit</name>
         <value>0x4079</value>
         <object_component_ref idref="oc-13d"/>
      </symbol>
      <symbol id="sm-62a">
         <name>_system_pre_init</name>
         <value>0x4375</value>
         <object_component_ref idref="oc-96"/>
      </symbol>
      <symbol id="sm-636">
         <name>C$$EXIT</name>
         <value>0x4379</value>
         <object_component_ref idref="oc-131"/>
      </symbol>
      <symbol id="sm-637">
         <name>abort</name>
         <value>0x4379</value>
         <object_component_ref idref="oc-131"/>
      </symbol>
      <symbol id="sm-64c">
         <name>_nop</name>
         <value>0x190f</value>
         <object_component_ref idref="oc-203"/>
      </symbol>
      <symbol id="sm-64d">
         <name>_lock</name>
         <value>0x200001f8</value>
         <object_component_ref idref="oc-185"/>
      </symbol>
      <symbol id="sm-64e">
         <name>_unlock</name>
         <value>0x200001fc</value>
         <object_component_ref idref="oc-185"/>
      </symbol>
      <symbol id="sm-665">
         <name>atoi</name>
         <value>0x3f9d</value>
         <object_component_ref idref="oc-20f"/>
      </symbol>
      <symbol id="sm-670">
         <name>_ctypes_</name>
         <value>0x437c</value>
         <object_component_ref idref="oc-298"/>
      </symbol>
      <symbol id="sm-67f">
         <name>ltoa</name>
         <value>0x3ef7</value>
         <object_component_ref idref="oc-2b8"/>
      </symbol>
      <symbol id="sm-68f">
         <name>memccpy</name>
         <value>0x42ad</value>
         <object_component_ref idref="oc-238"/>
      </symbol>
      <symbol id="sm-69f">
         <name>strchr</name>
         <value>0x42fb</value>
         <object_component_ref idref="oc-2ef"/>
      </symbol>
      <symbol id="sm-6b7">
         <name>HOSTtime</name>
         <value>0x3fe9</value>
         <object_component_ref idref="oc-1be"/>
      </symbol>
      <symbol id="sm-6db">
         <name>__TI_readmsg</name>
         <value>0x4175</value>
         <object_component_ref idref="oc-262"/>
      </symbol>
      <symbol id="sm-6dc">
         <name>C$$IO$$</name>
         <value>0x416b</value>
         <object_component_ref idref="oc-25c"/>
      </symbol>
      <symbol id="sm-6dd">
         <name>__CIOBUF_</name>
         <value>0x20000000</value>
         <object_component_ref idref="oc-315"/>
      </symbol>
      <symbol id="sm-6de">
         <name>__TI_writemsg</name>
         <value>0x413d</value>
         <object_component_ref idref="oc-25c"/>
      </symbol>
      <symbol id="sm-6f4">
         <name>__aeabi_errno_addr</name>
         <value>0x436d</value>
         <object_component_ref idref="oc-244"/>
      </symbol>
      <symbol id="sm-6f5">
         <name>errno</name>
         <value>0x20000204</value>
         <object_component_ref idref="oc-2ff"/>
      </symbol>
      <symbol id="sm-70e">
         <name>wcslen</name>
         <value>0x4325</value>
         <object_component_ref idref="oc-23e"/>
      </symbol>
      <symbol id="sm-718">
         <name>copysign</name>
         <value>0x42c9</value>
         <object_component_ref idref="oc-34c"/>
      </symbol>
      <symbol id="sm-719">
         <name>copysignl</name>
         <value>0x42c9</value>
         <object_component_ref idref="oc-34c"/>
      </symbol>
      <symbol id="sm-723">
         <name>__aeabi_idiv0</name>
         <value>0x30ff</value>
         <object_component_ref idref="oc-333"/>
      </symbol>
      <symbol id="sm-724">
         <name>__aeabi_ldiv0</name>
         <value>0x30ff</value>
         <object_component_ref idref="oc-333"/>
      </symbol>
      <symbol id="sm-72a">
         <name>parmbuf</name>
         <value>0x200001f0</value>
      </symbol>
      <symbol id="sm-72b">
         <name>__TI_static_base__</name>
         <value>0x0</value>
      </symbol>
      <symbol id="sm-72e">
         <name>__mpu_init</name>
         <value>0x0</value>
      </symbol>
      <symbol id="sm-72f">
         <name>_system_post_cinit</name>
         <value>0x0</value>
      </symbol>
      <symbol id="sm-730">
         <name>NMI_Handler</name>
         <value>0x435f</value>
      </symbol>
      <symbol id="sm-731">
         <name>HardFault_Handler</name>
         <value>0x435f</value>
      </symbol>
      <symbol id="sm-732">
         <name>MemManage_Handler</name>
         <value>0x435f</value>
      </symbol>
      <symbol id="sm-733">
         <name>BusFault_Handler</name>
         <value>0x435f</value>
      </symbol>
      <symbol id="sm-734">
         <name>UsageFault_Handler</name>
         <value>0x435f</value>
      </symbol>
      <symbol id="sm-735">
         <name>SVC_Handler</name>
         <value>0x435f</value>
      </symbol>
      <symbol id="sm-736">
         <name>DebugMon_Handler</name>
         <value>0x435f</value>
      </symbol>
      <symbol id="sm-737">
         <name>PendSV_Handler</name>
         <value>0x435f</value>
      </symbol>
      <symbol id="sm-738">
         <name>SysTick_Handler</name>
         <value>0x435f</value>
      </symbol>
      <symbol id="sm-739">
         <name>PSS_IRQHandler</name>
         <value>0x435f</value>
      </symbol>
      <symbol id="sm-73a">
         <name>CS_IRQHandler</name>
         <value>0x435f</value>
      </symbol>
      <symbol id="sm-73b">
         <name>PCM_IRQHandler</name>
         <value>0x435f</value>
      </symbol>
      <symbol id="sm-73c">
         <name>WDT_A_IRQHandler</name>
         <value>0x435f</value>
      </symbol>
      <symbol id="sm-73d">
         <name>FPU_IRQHandler</name>
         <value>0x435f</value>
      </symbol>
      <symbol id="sm-73e">
         <name>FLCTL_IRQHandler</name>
         <value>0x435f</value>
      </symbol>
      <symbol id="sm-73f">
         <name>COMP_E0_IRQHandler</name>
         <value>0x435f</value>
      </symbol>
      <symbol id="sm-740">
         <name>COMP_E1_IRQHandler</name>
         <value>0x435f</value>
      </symbol>
      <symbol id="sm-741">
         <name>TA0_0_IRQHandler</name>
         <value>0x435f</value>
      </symbol>
      <symbol id="sm-742">
         <name>TA0_N_IRQHandler</name>
         <value>0x435f</value>
      </symbol>
      <symbol id="sm-743">
         <name>TA1_0_IRQHandler</name>
         <value>0x435f</value>
      </symbol>
      <symbol id="sm-744">
         <name>TA1_N_IRQHandler</name>
         <value>0x435f</value>
      </symbol>
      <symbol id="sm-745">
         <name>TA2_0_IRQHandler</name>
         <value>0x435f</value>
      </symbol>
      <symbol id="sm-746">
         <name>TA2_N_IRQHandler</name>
         <value>0x435f</value>
      </symbol>
      <symbol id="sm-747">
         <name>TA3_0_IRQHandler</name>
         <value>0x435f</value>
      </symbol>
      <symbol id="sm-748">
         <name>TA3_N_IRQHandler</name>
         <value>0x435f</value>
      </symbol>
      <symbol id="sm-749">
         <name>EUSCIA0_IRQHandler</name>
         <value>0x435f</value>
      </symbol>
      <symbol id="sm-74a">
         <name>EUSCIA1_IRQHandler</name>
         <value>0x435f</value>
      </symbol>
      <symbol id="sm-74b">
         <name>EUSCIA2_IRQHandler</name>
         <value>0x2377</value>
      </symbol>
      <symbol id="sm-74c">
         <name>EUSCIA3_IRQHandler</name>
         <value>0x435f</value>
      </symbol>
      <symbol id="sm-74d">
         <name>EUSCIB0_IRQHandler</name>
         <value>0x435f</value>
      </symbol>
      <symbol id="sm-74e">
         <name>EUSCIB1_IRQHandler</name>
         <value>0x435f</value>
      </symbol>
      <symbol id="sm-74f">
         <name>EUSCIB2_IRQHandler</name>
         <value>0x435f</value>
      </symbol>
      <symbol id="sm-750">
         <name>EUSCIB3_IRQHandler</name>
         <value>0x435f</value>
      </symbol>
      <symbol id="sm-751">
         <name>ADC14_IRQHandler</name>
         <value>0x20cd</value>
      </symbol>
      <symbol id="sm-752">
         <name>T32_INT1_IRQHandler</name>
         <value>0x435f</value>
      </symbol>
      <symbol id="sm-753">
         <name>T32_INT2_IRQHandler</name>
         <value>0x435f</value>
      </symbol>
      <symbol id="sm-754">
         <name>T32_INTC_IRQHandler</name>
         <value>0x435f</value>
      </symbol>
      <symbol id="sm-755">
         <name>AES256_IRQHandler</name>
         <value>0x435f</value>
      </symbol>
      <symbol id="sm-756">
         <name>RTC_C_IRQHandler</name>
         <value>0x435f</value>
      </symbol>
      <symbol id="sm-757">
         <name>DMA_ERR_IRQHandler</name>
         <value>0x435f</value>
      </symbol>
      <symbol id="sm-758">
         <name>DMA_INT3_IRQHandler</name>
         <value>0x435f</value>
      </symbol>
      <symbol id="sm-759">
         <name>DMA_INT2_IRQHandler</name>
         <value>0x435f</value>
      </symbol>
      <symbol id="sm-75a">
         <name>DMA_INT1_IRQHandler</name>
         <value>0x435f</value>
      </symbol>
      <symbol id="sm-75b">
         <name>DMA_INT0_IRQHandler</name>
         <value>0x435f</value>
      </symbol>
      <symbol id="sm-75c">
         <name>PORT1_IRQHandler</name>
         <value>0x435f</value>
      </symbol>
      <symbol id="sm-75d">
         <name>PORT2_IRQHandler</name>
         <value>0x435f</value>
      </symbol>
      <symbol id="sm-75e">
         <name>PORT3_IRQHandler</name>
         <value>0x435f</value>
      </symbol>
      <symbol id="sm-75f">
         <name>PORT4_IRQHandler</name>
         <value>0x435f</value>
      </symbol>
      <symbol id="sm-760">
         <name>PORT5_IRQHandler</name>
         <value>0x435f</value>
      </symbol>
      <symbol id="sm-761">
         <name>PORT6_IRQHandler</name>
         <value>0x435f</value>
      </symbol>
   </symbol_table>
   <title>Link successful</title>
</link_info>
